../Core/Src/main.c:67:6:MCP_Write	24	static
../Core/Src/main.c:74:9:MCP_Read	32	static
../Core/Src/main.c:83:6:Matrix_Scan	48	static
../Core/Src/main.c:132:5:main	40	static
../Core/Src/main.c:211:6:SystemClock_Config	120	static
../Core/Src/main.c:261:6:PeriphCommonClock_Config	216	static
../Core/Src/main.c:280:13:MX_SPI1_Init	8	static
../Core/Src/main.c:328:13:MX_USB_PCD_Init	8	static
../Core/Src/main.c:364:13:MX_GPIO_Init	40	static
../Core/Src/main.c:405:6:Error_Handler	4	static,ignoring_inline_asm
