Archive member included to satisfy reference by file (symbol)

C:/ST/STM32CubeIDE_1.18.0/STM32CubeIDE/plugins/com.st.stm32cube.ide.mcu.externaltools.gnu-tools-for-stm32.13.3.rel1.win32_1.0.0.202411081344/tools/bin/../lib/gcc/arm-none-eabi/13.3.1/../../../../arm-none-eabi/lib/thumb/v8-m.main+fp/hard\libc_nano.a(libc_a-exit.o)
                              C:/ST/STM32CubeIDE_1.18.0/STM32CubeIDE/plugins/com.st.stm32cube.ide.mcu.externaltools.gnu-tools-for-stm32.13.3.rel1.win32_1.0.0.202411081344/tools/bin/../lib/gcc/arm-none-eabi/13.3.1/../../../../arm-none-eabi/lib/thumb/v8-m.main+fp/hard/crt0.o (exit)
C:/ST/STM32CubeIDE_1.18.0/STM32CubeIDE/plugins/com.st.stm32cube.ide.mcu.externaltools.gnu-tools-for-stm32.13.3.rel1.win32_1.0.0.202411081344/tools/bin/../lib/gcc/arm-none-eabi/13.3.1/../../../../arm-none-eabi/lib/thumb/v8-m.main+fp/hard\libc_nano.a(libc_a-findfp.o)
                              C:/ST/STM32CubeIDE_1.18.0/STM32CubeIDE/plugins/com.st.stm32cube.ide.mcu.externaltools.gnu-tools-for-stm32.13.3.rel1.win32_1.0.0.202411081344/tools/bin/../lib/gcc/arm-none-eabi/13.3.1/../../../../arm-none-eabi/lib/thumb/v8-m.main+fp/hard\libc_nano.a(libc_a-exit.o) (__stdio_exit_handler)
C:/ST/STM32CubeIDE_1.18.0/STM32CubeIDE/plugins/com.st.stm32cube.ide.mcu.externaltools.gnu-tools-for-stm32.13.3.rel1.win32_1.0.0.202411081344/tools/bin/../lib/gcc/arm-none-eabi/13.3.1/../../../../arm-none-eabi/lib/thumb/v8-m.main+fp/hard\libc_nano.a(libc_a-fwalk.o)
                              C:/ST/STM32CubeIDE_1.18.0/STM32CubeIDE/plugins/com.st.stm32cube.ide.mcu.externaltools.gnu-tools-for-stm32.13.3.rel1.win32_1.0.0.202411081344/tools/bin/../lib/gcc/arm-none-eabi/13.3.1/../../../../arm-none-eabi/lib/thumb/v8-m.main+fp/hard\libc_nano.a(libc_a-findfp.o) (_fwalk_sglue)
C:/ST/STM32CubeIDE_1.18.0/STM32CubeIDE/plugins/com.st.stm32cube.ide.mcu.externaltools.gnu-tools-for-stm32.13.3.rel1.win32_1.0.0.202411081344/tools/bin/../lib/gcc/arm-none-eabi/13.3.1/../../../../arm-none-eabi/lib/thumb/v8-m.main+fp/hard\libc_nano.a(libc_a-stdio.o)
                              C:/ST/STM32CubeIDE_1.18.0/STM32CubeIDE/plugins/com.st.stm32cube.ide.mcu.externaltools.gnu-tools-for-stm32.13.3.rel1.win32_1.0.0.202411081344/tools/bin/../lib/gcc/arm-none-eabi/13.3.1/../../../../arm-none-eabi/lib/thumb/v8-m.main+fp/hard\libc_nano.a(libc_a-findfp.o) (__sread)
C:/ST/STM32CubeIDE_1.18.0/STM32CubeIDE/plugins/com.st.stm32cube.ide.mcu.externaltools.gnu-tools-for-stm32.13.3.rel1.win32_1.0.0.202411081344/tools/bin/../lib/gcc/arm-none-eabi/13.3.1/../../../../arm-none-eabi/lib/thumb/v8-m.main+fp/hard\libc_nano.a(libc_a-memset.o)
                              C:/ST/STM32CubeIDE_1.18.0/STM32CubeIDE/plugins/com.st.stm32cube.ide.mcu.externaltools.gnu-tools-for-stm32.13.3.rel1.win32_1.0.0.202411081344/tools/bin/../lib/gcc/arm-none-eabi/13.3.1/../../../../arm-none-eabi/lib/thumb/v8-m.main+fp/hard/crt0.o (memset)
C:/ST/STM32CubeIDE_1.18.0/STM32CubeIDE/plugins/com.st.stm32cube.ide.mcu.externaltools.gnu-tools-for-stm32.13.3.rel1.win32_1.0.0.202411081344/tools/bin/../lib/gcc/arm-none-eabi/13.3.1/../../../../arm-none-eabi/lib/thumb/v8-m.main+fp/hard\libc_nano.a(libc_a-closer.o)
                              C:/ST/STM32CubeIDE_1.18.0/STM32CubeIDE/plugins/com.st.stm32cube.ide.mcu.externaltools.gnu-tools-for-stm32.13.3.rel1.win32_1.0.0.202411081344/tools/bin/../lib/gcc/arm-none-eabi/13.3.1/../../../../arm-none-eabi/lib/thumb/v8-m.main+fp/hard\libc_nano.a(libc_a-stdio.o) (_close_r)
C:/ST/STM32CubeIDE_1.18.0/STM32CubeIDE/plugins/com.st.stm32cube.ide.mcu.externaltools.gnu-tools-for-stm32.13.3.rel1.win32_1.0.0.202411081344/tools/bin/../lib/gcc/arm-none-eabi/13.3.1/../../../../arm-none-eabi/lib/thumb/v8-m.main+fp/hard\libc_nano.a(libc_a-reent.o)
                              C:/ST/STM32CubeIDE_1.18.0/STM32CubeIDE/plugins/com.st.stm32cube.ide.mcu.externaltools.gnu-tools-for-stm32.13.3.rel1.win32_1.0.0.202411081344/tools/bin/../lib/gcc/arm-none-eabi/13.3.1/../../../../arm-none-eabi/lib/thumb/v8-m.main+fp/hard\libc_nano.a(libc_a-closer.o) (errno)
C:/ST/STM32CubeIDE_1.18.0/STM32CubeIDE/plugins/com.st.stm32cube.ide.mcu.externaltools.gnu-tools-for-stm32.13.3.rel1.win32_1.0.0.202411081344/tools/bin/../lib/gcc/arm-none-eabi/13.3.1/../../../../arm-none-eabi/lib/thumb/v8-m.main+fp/hard\libc_nano.a(libc_a-impure.o)
                              C:/ST/STM32CubeIDE_1.18.0/STM32CubeIDE/plugins/com.st.stm32cube.ide.mcu.externaltools.gnu-tools-for-stm32.13.3.rel1.win32_1.0.0.202411081344/tools/bin/../lib/gcc/arm-none-eabi/13.3.1/../../../../arm-none-eabi/lib/thumb/v8-m.main+fp/hard\libc_nano.a(libc_a-reent.o) (_impure_ptr)
C:/ST/STM32CubeIDE_1.18.0/STM32CubeIDE/plugins/com.st.stm32cube.ide.mcu.externaltools.gnu-tools-for-stm32.13.3.rel1.win32_1.0.0.202411081344/tools/bin/../lib/gcc/arm-none-eabi/13.3.1/../../../../arm-none-eabi/lib/thumb/v8-m.main+fp/hard\libc_nano.a(libc_a-lseekr.o)
[...]
Memory Configuration

Name             Origin             Length             Attributes
RAM              0x20000000         0x00044000         xrw
FLASH            0x08000000         0x00080000         xr
*default*        0x00000000         0xffffffff

Linker script and memory map

LOAD C:/ST/STM32CubeIDE_1.18.0/STM32CubeIDE/plugins/com.st.stm32cube.ide.mcu.externaltools.gnu-tools-for-stm32.13.3.rel1.win32_1.0.0.202411081344/tools/bin/../lib/gcc/arm-none-eabi/13.3.1/thumb/v8-m.main+fp/hard/crti.o
LOAD C:/ST/STM32CubeIDE_1.18.0/STM32CubeIDE/plugins/com.st.stm32cube.ide.mcu.externaltools.gnu-tools-for-stm32.13.3.rel1.win32_1.0.0.202411081344/tools/bin/../lib/gcc/arm-none-eabi/13.3.1/thumb/v8-m.main+fp/hard/crtbegin.o
LOAD C:/ST/STM32CubeIDE_1.18.0/STM32CubeIDE/plugins/com.st.stm32cube.ide.mcu.externaltools.gnu-tools-for-stm32.13.3.rel1.win32_1.0.0.202411081344/tools/bin/../lib/gcc/arm-none-eabi/13.3.1/../../../../arm-none-eabi/lib/thumb/v8-m.main+fp/hard/crt0.o
LOAD ./Core/Middlewares/TinyUSB/src/class/audio/audio_device.o
LOAD ./Core/Middlewares/TinyUSB/src/class/bth/bth_device.o
LOAD ./Core/Middlewares/TinyUSB/src/class/cdc/cdc_device.o
LOAD ./Core/Middlewares/TinyUSB/src/class/cdc/cdc_host.o
LOAD ./Core/Middlewares/TinyUSB/src/class/dfu/dfu_device.o
LOAD ./Core/Middlewares/TinyUSB/src/class/dfu/dfu_rt_device.o
LOAD ./Core/Middlewares/TinyUSB/src/class/hid/hid_device.o
LOAD ./Core/Middlewares/TinyUSB/src/class/hid/hid_host.o
LOAD ./Core/Middlewares/TinyUSB/src/class/midi/midi_device.o
LOAD ./Core/Middlewares/TinyUSB/src/class/midi/midi_host.o
LOAD ./Core/Middlewares/TinyUSB/src/class/msc/msc_device.o
LOAD ./Core/Middlewares/TinyUSB/src/class/msc/msc_host.o
LOAD ./Core/Middlewares/TinyUSB/src/class/mtp/mtp_device.o
LOAD ./Core/Middlewares/TinyUSB/src/class/net/ecm_rndis_device.o
LOAD ./Core/Middlewares/TinyUSB/src/class/net/ncm_device.o
LOAD ./Core/Middlewares/TinyUSB/src/class/usbtmc/usbtmc_device.o
LOAD ./Core/Middlewares/TinyUSB/src/class/vendor/vendor_device.o
LOAD ./Core/Middlewares/TinyUSB/src/class/vendor/vendor_host.o
LOAD ./Core/Middlewares/TinyUSB/src/class/video/video_device.o
LOAD ./Core/Middlewares/TinyUSB/src/common/tusb_fifo.o
LOAD ./Core/Middlewares/TinyUSB/src/device/usbd.o
LOAD ./Core/Middlewares/TinyUSB/src/device/usbd_control.o
LOAD ./Core/Middlewares/TinyUSB/src/host/hub.o
LOAD ./Core/Middlewares/TinyUSB/src/host/usbh.o
LOAD ./Core/Middlewares/TinyUSB/src/portable/analog/max3421/hcd_max3421.o
LOAD ./Core/Middlewares/TinyUSB/src/portable/bridgetek/ft9xx/dcd_ft9xx.o
LOAD ./Core/Middlewares/TinyUSB/src/portable/chipidea/ci_fs/dcd_ci_fs.o
LOAD ./Core/Middlewares/TinyUSB/src/portable/chipidea/ci_hs/dcd_ci_hs.o
LOAD ./Core/Middlewares/TinyUSB/src/portable/chipidea/ci_hs/hcd_ci_hs.o
LOAD ./Core/Middlewares/TinyUSB/src/portable/dialog/da146xx/dcd_da146xx.o
LOAD ./Core/Middlewares/TinyUSB/src/portable/ehci/ehci.o
LOAD ./Core/Middlewares/TinyUSB/src/portable/mentor/musb/dcd_musb.o
LOAD ./Core/Middlewares/TinyUSB/src/portable/mentor/musb/hcd_musb.o
LOAD ./Core/Middlewares/TinyUSB/src/portable/microchip/pic/dcd_pic.o
LOAD ./Core/Middlewares/TinyUSB/src/portable/microchip/pic32mz/dcd_pic32mz.o
LOAD ./Core/Middlewares/TinyUSB/src/portable/microchip/samd/dcd_samd.o
LOAD ./Core/Middlewares/TinyUSB/src/portable/microchip/samd/hcd_samd.o
LOAD ./Core/Middlewares/TinyUSB/src/portable/microchip/samg/dcd_samg.o
LOAD ./Core/Middlewares/TinyUSB/src/portable/microchip/samx7x/dcd_samx7x.o
LOAD ./Core/Middlewares/TinyUSB/src/portable/mindmotion/mm32/dcd_mm32f327x_otg.o
LOAD ./Core/Middlewares/TinyUSB/src/portable/nordic/nrf5x/dcd_nrf5x.o
LOAD ./Core/Middlewares/TinyUSB/src/portable/nuvoton/nuc120/dcd_nuc120.o
LOAD ./Core/Middlewares/TinyUSB/src/portable/nuvoton/nuc121/dcd_nuc121.o
LOAD ./Core/Middlewares/TinyUSB/src/portable/nuvoton/nuc505/dcd_nuc505.o
LOAD ./Core/Middlewares/TinyUSB/src/portable/nxp/khci/dcd_khci.o
LOAD ./Core/Middlewares/TinyUSB/src/portable/nxp/khci/hcd_khci.o
LOAD ./Core/Middlewares/TinyUSB/src/portable/nxp/lpc17_40/dcd_lpc17_40.o
LOAD ./Core/Middlewares/TinyUSB/src/portable/nxp/lpc_ip3511/dcd_lpc_ip3511.o
LOAD ./Core/Middlewares/TinyUSB/src/portable/ohci/ohci.o
LOAD ./Core/Middlewares/TinyUSB/src/portable/raspberrypi/pio_usb/dcd_pio_usb.o
LOAD ./Core/Middlewares/TinyUSB/src/portable/raspberrypi/pio_usb/hcd_pio_usb.o
LOAD ./Core/Middlewares/TinyUSB/src/portable/raspberrypi/rp2040/dcd_rp2040.o
LOAD ./Core/Middlewares/TinyUSB/src/portable/raspberrypi/rp2040/hcd_rp2040.o
LOAD ./Core/Middlewares/TinyUSB/src/portable/raspberrypi/rp2040/rp2040_usb.o
LOAD ./Core/Middlewares/TinyUSB/src/portable/renesas/rusb2/dcd_rusb2.o
LOAD ./Core/Middlewares/TinyUSB/src/portable/renesas/rusb2/hcd_rusb2.o
LOAD ./Core/Middlewares/TinyUSB/src/portable/renesas/rusb2/rusb2_common.o
LOAD ./Core/Middlewares/TinyUSB/src/portable/sony/cxd56/dcd_cxd56.o
LOAD ./Core/Middlewares/TinyUSB/src/portable/st/stm32_fsdev/dcd_stm32_fsdev.o
LOAD ./Core/Middlewares/TinyUSB/src/portable/st/stm32_fsdev/fsdev_common.o
LOAD ./Core/Middlewares/TinyUSB/src/portable/st/stm32_fsdev/hcd_stm32_fsdev.o
LOAD ./Core/Middlewares/TinyUSB/src/portable/st/typec/typec_stm32.o
LOAD ./Core/Middlewares/TinyUSB/src/portable/sunxi/dcd_sunxi_musb.o
LOAD ./Core/Middlewares/TinyUSB/src/portable/synopsys/dwc2/dcd_dwc2.o
LOAD ./Core/Middlewares/TinyUSB/src/portable/synopsys/dwc2/dwc2_common.o
LOAD ./Core/Middlewares/TinyUSB/src/portable/synopsys/dwc2/hcd_dwc2.o
LOAD ./Core/Middlewares/TinyUSB/src/portable/template/dcd_template.o
LOAD ./Core/Middlewares/TinyUSB/src/portable/template/hcd_template.o
LOAD ./Core/Middlewares/TinyUSB/src/portable/ti/msp430x5xx/dcd_msp430x5xx.o
LOAD ./Core/Middlewares/TinyUSB/src/portable/valentyusb/eptri/dcd_eptri.o
LOAD ./Core/Middlewares/TinyUSB/src/portable/wch/dcd_ch32_usbfs.o
LOAD ./Core/Middlewares/TinyUSB/src/portable/wch/dcd_ch32_usbhs.o
LOAD ./Core/Middlewares/TinyUSB/src/portable/wch/hcd_ch32_usbfs.o
LOAD ./Core/Middlewares/TinyUSB/src/tusb.o
LOAD ./Core/Middlewares/TinyUSB/src/typec/usbc.o
LOAD ./Core/Src/main.o
LOAD ./Core/Src/stm32h5xx_hal_msp.o
LOAD ./Core/Src/stm32h5xx_it.o
LOAD ./Core/Src/syscalls.o
LOAD ./Core/Src/sysmem.o
LOAD ./Core/Src/system_stm32h5xx.o
LOAD ./Core/Src/usb_descriptors.o
LOAD ./Core/Startup/startup_stm32h533retx.o
LOAD ./Drivers/BSP/STM32H5xx_Nucleo/stm32h5xx_nucleo.o
LOAD ./Drivers/STM32H5xx_HAL_Driver/Src/stm32h5xx_hal.o
LOAD ./Drivers/STM32H5xx_HAL_Driver/Src/stm32h5xx_hal_cortex.o
LOAD ./Drivers/STM32H5xx_HAL_Driver/Src/stm32h5xx_hal_dma.o
LOAD ./Drivers/STM32H5xx_HAL_Driver/Src/stm32h5xx_hal_dma_ex.o
LOAD ./Drivers/STM32H5xx_HAL_Driver/Src/stm32h5xx_hal_exti.o
LOAD ./Drivers/STM32H5xx_HAL_Driver/Src/stm32h5xx_hal_flash.o
LOAD ./Drivers/STM32H5xx_HAL_Driver/Src/stm32h5xx_hal_flash_ex.o
LOAD ./Drivers/STM32H5xx_HAL_Driver/Src/stm32h5xx_hal_gpio.o
LOAD ./Drivers/STM32H5xx_HAL_Driver/Src/stm32h5xx_hal_pcd.o
LOAD ./Drivers/STM32H5xx_HAL_Driver/Src/stm32h5xx_hal_pcd_ex.o
LOAD ./Drivers/STM32H5xx_HAL_Driver/Src/stm32h5xx_hal_pwr.o
LOAD ./Drivers/STM32H5xx_HAL_Driver/Src/stm32h5xx_hal_pwr_ex.o
LOAD ./Drivers/STM32H5xx_HAL_Driver/Src/stm32h5xx_hal_rcc.o
LOAD ./Drivers/STM32H5xx_HAL_Driver/Src/stm32h5xx_hal_rcc_ex.o
LOAD ./Drivers/STM32H5xx_HAL_Driver/Src/stm32h5xx_hal_spi.o
LOAD ./Drivers/STM32H5xx_HAL_Driver/Src/stm32h5xx_hal_spi_ex.o
LOAD ./Drivers/STM32H5xx_HAL_Driver/Src/stm32h5xx_hal_uart.o
LOAD ./Drivers/STM32H5xx_HAL_Driver/Src/stm32h5xx_hal_uart_ex.o
LOAD ./Drivers/STM32H5xx_HAL_Driver/Src/stm32h5xx_hal_usart.o
LOAD ./Drivers/STM32H5xx_HAL_Driver/Src/stm32h5xx_hal_usart_ex.o
LOAD ./Drivers/STM32H5xx_HAL_Driver/Src/stm32h5xx_ll_usb.o
START GROUP
LOAD C:/ST/STM32CubeIDE_1.18.0/STM32CubeIDE/plugins/com.st.stm32cube.ide.mcu.externaltools.gnu-tools-for-stm32.13.3.rel1.win32_1.0.0.202411081344/tools/bin/../lib/gcc/arm-none-eabi/13.3.1/../../../../arm-none-eabi/lib/thumb/v8-m.main+fp/hard\libc_nano.a
LOAD C:/ST/STM32CubeIDE_1.18.0/STM32CubeIDE/plugins/com.st.stm32cube.ide.mcu.externaltools.gnu-tools-for-stm32.13.3.rel1.win32_1.0.0.202411081344/tools/bin/../lib/gcc/arm-none-eabi/13.3.1/../../../../arm-none-eabi/lib/thumb/v8-m.main+fp/hard\libm.a
END GROUP
START GROUP
LOAD C:/ST/STM32CubeIDE_1.18.0/STM32CubeIDE/plugins/com.st.stm32cube.ide.mcu.externaltools.gnu-tools-for-stm32.13.3.rel1.win32_1.0.0.202411081344/tools/bin/../lib/gcc/arm-none-eabi/13.3.1/thumb/v8-m.main+fp/hard\libgcc.a
LOAD C:/ST/STM32CubeIDE_1.18.0/STM32CubeIDE/plugins/com.st.stm32cube.ide.mcu.externaltools.gnu-tools-for-stm32.13.3.rel1.win32_1.0.0.202411081344/tools/bin/../lib/gcc/arm-none-eabi/13.3.1/../../../../arm-none-eabi/lib/thumb/v8-m.main+fp/hard\libc_nano.a
END GROUP
START GROUP
LOAD C:/ST/STM32CubeIDE_1.18.0/STM32CubeIDE/plugins/com.st.stm32cube.ide.mcu.externaltools.gnu-tools-for-stm32.13.3.rel1.win32_1.0.0.202411081344/tools/bin/../lib/gcc/arm-none-eabi/13.3.1/thumb/v8-m.main+fp/hard\libgcc.a
LOAD C:/ST/STM32CubeIDE_1.18.0/STM32CubeIDE/plugins/com.st.stm32cube.ide.mcu.externaltools.gnu-tools-for-stm32.13.3.rel1.win32_1.0.0.202411081344/tools/bin/../lib/gcc/arm-none-eabi/13.3.1/../../../../arm-none-eabi/lib/thumb/v8-m.main+fp/hard\libc_nano.a
LOAD C:/ST/STM32CubeIDE_1.18.0/STM32CubeIDE/plugins/com.st.stm32cube.ide.mcu.externaltools.gnu-tools-for-stm32.13.3.rel1.win32_1.0.0.202411081344/tools/bin/../lib/gcc/arm-none-eabi/13.3.1/../../../../arm-none-eabi/lib/thumb/v8-m.main+fp/hard\libnosys.a
END GROUP
START GROUP
LOAD C:/ST/STM32CubeIDE_1.18.0/STM32CubeIDE/plugins/com.st.stm32cube.ide.mcu.externaltools.gnu-tools-for-stm32.13.3.rel1.win32_1.0.0.202411081344/tools/bin/../lib/gcc/arm-none-eabi/13.3.1/thumb/v8-m.main+fp/hard\libgcc.a
LOAD C:/ST/STM32CubeIDE_1.18.0/STM32CubeIDE/plugins/com.st.stm32cube.ide.mcu.externaltools.gnu-tools-for-stm32.13.3.rel1.win32_1.0.0.202411081344/tools/bin/../lib/gcc/arm-none-eabi/13.3.1/../../../../arm-none-eabi/lib/thumb/v8-m.main+fp/hard\libc_nano.a
LOAD C:/ST/STM32CubeIDE_1.18.0/STM32CubeIDE/plugins/com.st.stm32cube.ide.mcu.externaltools.gnu-tools-for-stm32.13.3.rel1.win32_1.0.0.202411081344/tools/bin/../lib/gcc/arm-none-eabi/13.3.1/../../../../arm-none-eabi/lib/thumb/v8-m.main+fp/hard\libnosys.a
END GROUP
LOAD C:/ST/STM32CubeIDE_1.18.0/STM32CubeIDE/plugins/com.st.stm32cube.ide.mcu.externaltools.gnu-tools-for-stm32.13.3.rel1.win32_1.0.0.202411081344/tools/bin/../lib/gcc/arm-none-eabi/13.3.1/thumb/v8-m.main+fp/hard/crtend.o
LOAD C:/ST/STM32CubeIDE_1.18.0/STM32CubeIDE/plugins/com.st.stm32cube.ide.mcu.externaltools.gnu-tools-for-stm32.13.3.rel1.win32_1.0.0.202411081344/tools/bin/../lib/gcc/arm-none-eabi/13.3.1/thumb/v8-m.main+fp/hard/crtn.o
                0x20044000                        _estack = (ORIGIN (RAM) + LENGTH (RAM))
                0x00000200                        _Min_Heap_Size = 0x200
                0x00000400                        _Min_Stack_Size = 0x400

.isr_vector     0x08000000      0x254
                0x08000000                        . = ALIGN (0x4)
 *(.isr_vector)
 .isr_vector    0x08000000      0x254 ./Core/Startup/startup_stm32h533retx.o
                0x08000000                g_pfnVectors
                0x08000254                        . = ALIGN (0x4)

.text           0x08000254     0xa0a4
                0x08000254                        . = ALIGN (0x4)
 *(.text)
 .text          0x08000254       0x40 C:/ST/STM32CubeIDE_1.18.0/STM32CubeIDE/plugins/com.st.stm32cube.ide.mcu.externaltools.gnu-tools-for-stm32.13.3.rel1.win32_1.0.0.202411081344/tools/bin/../lib/gcc/arm-none-eabi/13.3.1/thumb/v8-m.main+fp/hard/crtbegin.o
 .text          0x08000294       0x10 C:/ST/STM32CubeIDE_1.18.0/STM32CubeIDE/plugins/com.st.stm32cube.ide.mcu.externaltools.gnu-tools-for-stm32.13.3.rel1.win32_1.0.0.202411081344/tools/bin/../lib/gcc/arm-none-eabi/13.3.1/../../../../arm-none-eabi/lib/thumb/v8-m.main+fp/hard\libc_nano.a(libc_a-strlen.o)
                0x08000294                strlen
 *(.text*)
 .text.tud_midi_rx_cb
                0x080002a4       0x16 ./Core/Middlewares/TinyUSB/src/class/midi/midi_device.o
                0x080002a4                tud_midi_rx_cb
 *fill*         0x080002ba        0x2 
 .text.tud_midi_n_mounted
                0x080002bc       0x70 ./Core/Middlewares/TinyUSB/src/class/midi/midi_device.o
                0x080002bc                tud_midi_n_mounted
 .text.tud_midi_n_packet_write
                0x0800032c       0x7c ./Core/Middlewares/TinyUSB/src/class/midi/midi_device.o
                0x0800032c                tud_midi_n_packet_write
 .text.midid_init
                0x080003a8       0x8c ./Core/Middlewares/TinyUSB/src/class/midi/midi_device.o
                0x080003a8                midid_init
 .text.midid_deinit
                0x08000434       0x4c ./Core/Middlewares/TinyUSB/src/class/midi/midi_device.o
                0x08000434                midid_deinit
 .text.midid_reset
                0x08000480       0x84 ./Core/Middlewares/TinyUSB/src/class/midi/midi_device.o
                0x08000480                midid_reset
 .text.midid_open
                0x08000504      0x3ac ./Core/Middlewares/TinyUSB/src/class/midi/midi_device.o
                0x08000504                midid_open
 .text.midid_control_xfer_cb
                0x080008b0       0x1e ./Core/Middlewares/TinyUSB/src/class/midi/midi_device.o
                0x080008b0                midid_control_xfer_cb
 *fill*         0x080008ce        0x2 
 .text.midid_xfer_cb
                0x080008d0      0x13c ./Core/Middlewares/TinyUSB/src/class/midi/midi_device.o
                0x080008d0                midid_xfer_cb
 .text.tu_fifo_config
                0x08000a0c       0x4e ./Core/Middlewares/TinyUSB/src/common/tusb_fifo.o
                0x08000a0c                tu_fifo_config
 .text.tu_fifo_clear
                0x08000a5a       0x20 ./Core/Middlewares/TinyUSB/src/common/tusb_fifo.o
                0x08000a5a                tu_fifo_clear
 .text.tu_hwfifo_write
                0x08000a7a       0xae ./Core/Middlewares/TinyUSB/src/common/tusb_fifo.o
                0x08000a7a                tu_hwfifo_write
 .text.tu_hwfifo_read
                0x08000b28       0xb6 ./Core/Middlewares/TinyUSB/src/common/tusb_fifo.o
                0x08000b28                tu_hwfifo_read
 .text.hwff_push_n
                0x08000bde      0x17a ./Core/Middlewares/TinyUSB/src/common/tusb_fifo.o
 .text.hwff_pull_n
                0x08000d58      0x17a ./Core/Middlewares/TinyUSB/src/common/tusb_fifo.o
 .text.ff_push_n
                0x08000ed2       0x6e ./Core/Middlewares/TinyUSB/src/common/tusb_fifo.o
 .text.ff_pull_n
                0x08000f40       0x6e ./Core/Middlewares/TinyUSB/src/common/tusb_fifo.o
 .text.advance_index
                0x08000fae       0x4c ./Core/Middlewares/TinyUSB/src/common/tusb_fifo.o
 .text.correct_read_index
                0x08000ffa       0x40 ./Core/Middlewares/TinyUSB/src/common/tusb_fifo.o
 .text.tu_fifo_peek_n_access_mode
                0x0800103a       0xcc ./Core/Middlewares/TinyUSB/src/common/tusb_fifo.o
                0x0800103a                tu_fifo_peek_n_access_mode
 .text.tu_fifo_read_n_access_mode
                0x08001106       0x58 ./Core/Middlewares/TinyUSB/src/common/tusb_fifo.o
                0x08001106                tu_fifo_read_n_access_mode
 .text.tu_fifo_write_n_access_mode
                0x0800115e      0x1a6 ./Core/Middlewares/TinyUSB/src/common/tusb_fifo.o
                0x0800115e                tu_fifo_write_n_access_mode
 .text.tud_event_hook_cb
                0x08001304       0x1c ./Core/Middlewares/TinyUSB/src/device/usbd.o
                0x08001304                tud_event_hook_cb
 .text.tud_sof_cb
                0x08001320       0x14 ./Core/Middlewares/TinyUSB/src/device/usbd.o
                0x08001320                tud_sof_cb
 .text.tud_descriptor_bos_cb
                0x08001334       0x10 ./Core/Middlewares/TinyUSB/src/device/usbd.o
                0x08001334                tud_descriptor_bos_cb
 .text.tud_descriptor_device_qualifier_cb
                0x08001344       0x10 ./Core/Middlewares/TinyUSB/src/device/usbd.o
                0x08001344                tud_descriptor_device_qualifier_cb
 .text.tud_descriptor_other_speed_configuration_cb
                0x08001354       0x18 ./Core/Middlewares/TinyUSB/src/device/usbd.o
                0x08001354                tud_descriptor_other_speed_configuration_cb
 .text.tud_mount_cb
                0x0800136c        0xe ./Core/Middlewares/TinyUSB/src/device/usbd.o
                0x0800136c                tud_mount_cb
 .text.tud_umount_cb
                0x0800137a        0xe ./Core/Middlewares/TinyUSB/src/device/usbd.o
                0x0800137a                tud_umount_cb
 .text.tud_suspend_cb
                0x08001388       0x16 ./Core/Middlewares/TinyUSB/src/device/usbd.o
                0x08001388                tud_suspend_cb
 .text.tud_resume_cb
                0x0800139e        0xe ./Core/Middlewares/TinyUSB/src/device/usbd.o
                0x0800139e                tud_resume_cb
 .text.tud_vendor_control_xfer_cb
                0x080013ac       0x1e ./Core/Middlewares/TinyUSB/src/device/usbd.o
                0x080013ac                tud_vendor_control_xfer_cb
 .text.usbd_app_driver_get_cb
                0x080013ca       0x1c ./Core/Middlewares/TinyUSB/src/device/usbd.o
                0x080013ca                usbd_app_driver_get_cb
 *fill*         0x080013e6        0x2 
 .text.tud_inited
                0x080013e8       0x20 ./Core/Middlewares/TinyUSB/src/device/usbd.o
                0x080013e8                tud_inited
 .text.tud_rhport_init
                0x08001408      0x1ac ./Core/Middlewares/TinyUSB/src/device/usbd.o
                0x08001408                tud_rhport_init
 .text.configuration_reset
                0x080015b4       0xd8 ./Core/Middlewares/TinyUSB/src/device/usbd.o
 .text.usbd_reset
                0x0800168c       0x1e ./Core/Middlewares/TinyUSB/src/device/usbd.o
 *fill*         0x080016aa        0x2 
 .text.tud_task_ext
                0x080016ac      0x384 ./Core/Middlewares/TinyUSB/src/device/usbd.o
                0x080016ac                tud_task_ext
 .text.invoke_class_control
                0x08001a30       0x2e ./Core/Middlewares/TinyUSB/src/device/usbd.o
 *fill*         0x08001a5e        0x2 
 .text.process_control_request
                0x08001a60      0x5c0 ./Core/Middlewares/TinyUSB/src/device/usbd.o
 .text.process_set_config
                0x08002020      0x250 ./Core/Middlewares/TinyUSB/src/device/usbd.o
 .text.process_get_descriptor
                0x08002270      0x1b4 ./Core/Middlewares/TinyUSB/src/device/usbd.o
 .text.dcd_event_handler
                0x08002424      0x5d0 ./Core/Middlewares/TinyUSB/src/device/usbd.o
                0x08002424                dcd_event_handler
 .text.usbd_int_set
                0x080029f4       0x34 ./Core/Middlewares/TinyUSB/src/device/usbd.o
                0x080029f4                usbd_int_set
 .text.usbd_edpt_open
                0x08002a28       0x88 ./Core/Middlewares/TinyUSB/src/device/usbd.o
                0x08002a28                usbd_edpt_open
 .text.usbd_edpt_claim
                0x08002ab0       0x54 ./Core/Middlewares/TinyUSB/src/device/usbd.o
                0x08002ab0                usbd_edpt_claim
 .text.usbd_edpt_release
                0x08002b04       0x54 ./Core/Middlewares/TinyUSB/src/device/usbd.o
                0x08002b04                usbd_edpt_release
 .text.usbd_edpt_xfer
                0x08002b58       0xf4 ./Core/Middlewares/TinyUSB/src/device/usbd.o
                0x08002b58                usbd_edpt_xfer
 .text.usbd_edpt_xfer_fifo
                0x08002c4c       0xf4 ./Core/Middlewares/TinyUSB/src/device/usbd.o
                0x08002c4c                usbd_edpt_xfer_fifo
 .text.usbd_edpt_stall
                0x08002d40       0x7c ./Core/Middlewares/TinyUSB/src/device/usbd.o
                0x08002d40                usbd_edpt_stall
 .text.usbd_edpt_clear_stall
                0x08002dbc       0x7c ./Core/Middlewares/TinyUSB/src/device/usbd.o
                0x08002dbc                usbd_edpt_clear_stall
 .text.usbd_edpt_stalled
                0x08002e38       0x5c ./Core/Middlewares/TinyUSB/src/device/usbd.o
                0x08002e38                usbd_edpt_stalled
 .text.status_stage_xact
                0x08002e94       0x3c ./Core/Middlewares/TinyUSB/src/device/usbd_control.o
 .text.tud_control_status
                0x08002ed0       0x40 ./Core/Middlewares/TinyUSB/src/device/usbd_control.o
                0x08002ed0                tud_control_status
 .text.data_stage_xact
                0x08002f10       0xc8 ./Core/Middlewares/TinyUSB/src/device/usbd_control.o
 .text.tud_control_xfer
                0x08002fd8       0xe0 ./Core/Middlewares/TinyUSB/src/device/usbd_control.o
                0x08002fd8                tud_control_xfer
 .text.usbd_control_reset
                0x080030b8       0x18 ./Core/Middlewares/TinyUSB/src/device/usbd_control.o
                0x080030b8                usbd_control_reset
 .text.usbd_control_set_complete_callback
                0x080030d0       0x20 ./Core/Middlewares/TinyUSB/src/device/usbd_control.o
                0x080030d0                usbd_control_set_complete_callback
 .text.usbd_control_set_request
                0x080030f0       0x34 ./Core/Middlewares/TinyUSB/src/device/usbd_control.o
                0x080030f0                usbd_control_set_request
 .text.usbd_control_xfer_cb
                0x08003124      0x168 ./Core/Middlewares/TinyUSB/src/device/usbd_control.o
                0x08003124                usbd_control_xfer_cb
 .text.__NVIC_EnableIRQ
                0x0800328c       0x3c ./Core/Middlewares/TinyUSB/src/portable/st/stm32_fsdev/dcd_stm32_fsdev.o
 .text.__NVIC_DisableIRQ
                0x080032c8       0x48 ./Core/Middlewares/TinyUSB/src/portable/st/stm32_fsdev/dcd_stm32_fsdev.o
 .text.dcd_init
                0x08003310       0x40 ./Core/Middlewares/TinyUSB/src/portable/st/stm32_fsdev/dcd_stm32_fsdev.o
                0x08003310                dcd_init
 .text.dcd_sof_enable
                0x08003350       0x40 ./Core/Middlewares/TinyUSB/src/portable/st/stm32_fsdev/dcd_stm32_fsdev.o
                0x08003350                dcd_sof_enable
 .text.dcd_set_address
                0x08003390       0x28 ./Core/Middlewares/TinyUSB/src/portable/st/stm32_fsdev/dcd_stm32_fsdev.o
                0x08003390                dcd_set_address
 .text.handle_bus_reset
                0x080033b8       0x78 ./Core/Middlewares/TinyUSB/src/portable/st/stm32_fsdev/dcd_stm32_fsdev.o
 .text.handle_ctr_tx
                0x08003430      0x150 ./Core/Middlewares/TinyUSB/src/portable/st/stm32_fsdev/dcd_stm32_fsdev.o
 .text.handle_ctr_setup
                0x08003580      0x1b4 ./Core/Middlewares/TinyUSB/src/portable/st/stm32_fsdev/dcd_stm32_fsdev.o
 .text.handle_ctr_rx
                0x08003734      0x320 ./Core/Middlewares/TinyUSB/src/portable/st/stm32_fsdev/dcd_stm32_fsdev.o
 .text.dcd_int_handler
                0x08003a54      0x418 ./Core/Middlewares/TinyUSB/src/portable/st/stm32_fsdev/dcd_stm32_fsdev.o
                0x08003a54                dcd_int_handler
 .text.dcd_edpt0_status_complete
                0x08003e6c       0x5c ./Core/Middlewares/TinyUSB/src/portable/st/stm32_fsdev/dcd_stm32_fsdev.o
                0x08003e6c                dcd_edpt0_status_complete
 .text.dcd_pma_alloc
                0x08003ec8       0x8c ./Core/Middlewares/TinyUSB/src/portable/st/stm32_fsdev/dcd_stm32_fsdev.o
 .text.dcd_ep_alloc
                0x08003f54      0x154 ./Core/Middlewares/TinyUSB/src/portable/st/stm32_fsdev/dcd_stm32_fsdev.o
 .text.edpt0_open
                0x080040a8      0x208 ./Core/Middlewares/TinyUSB/src/portable/st/stm32_fsdev/dcd_stm32_fsdev.o
 .text.dcd_edpt_open
                0x080042b0      0x2b4 ./Core/Middlewares/TinyUSB/src/portable/st/stm32_fsdev/dcd_stm32_fsdev.o
                0x080042b0                dcd_edpt_open
 .text.dcd_edpt_close_all
                0x08004564       0xe4 ./Core/Middlewares/TinyUSB/src/portable/st/stm32_fsdev/dcd_stm32_fsdev.o
                0x08004564                dcd_edpt_close_all
 .text.dcd_transmit_packet
                0x08004648      0x244 ./Core/Middlewares/TinyUSB/src/portable/st/stm32_fsdev/dcd_stm32_fsdev.o
 .text.edpt_xfer
                0x0800488c      0x19c ./Core/Middlewares/TinyUSB/src/portable/st/stm32_fsdev/dcd_stm32_fsdev.o
 .text.dcd_edpt_xfer
                0x08004a28       0x7c ./Core/Middlewares/TinyUSB/src/portable/st/stm32_fsdev/dcd_stm32_fsdev.o
                0x08004a28                dcd_edpt_xfer
 .text.dcd_edpt_xfer_fifo
                0x08004aa4       0x7c ./Core/Middlewares/TinyUSB/src/portable/st/stm32_fsdev/dcd_stm32_fsdev.o
                0x08004aa4                dcd_edpt_xfer_fifo
 .text.dcd_edpt_stall
                0x08004b20      0x148 ./Core/Middlewares/TinyUSB/src/portable/st/stm32_fsdev/dcd_stm32_fsdev.o
                0x08004b20                dcd_edpt_stall
 .text.dcd_edpt_clear_stall
                0x08004c68      0x1b0 ./Core/Middlewares/TinyUSB/src/portable/st/stm32_fsdev/dcd_stm32_fsdev.o
                0x08004c68                dcd_edpt_clear_stall
 .text.dcd_int_enable
                0x08004e18       0x3e ./Core/Middlewares/TinyUSB/src/portable/st/stm32_fsdev/dcd_stm32_fsdev.o
                0x08004e18                dcd_int_enable
 .text.dcd_int_disable
                0x08004e56       0x32 ./Core/Middlewares/TinyUSB/src/portable/st/stm32_fsdev/dcd_stm32_fsdev.o
                0x08004e56                dcd_int_disable
 .text.dcd_connect
                0x08004e88       0x2c ./Core/Middlewares/TinyUSB/src/portable/st/stm32_fsdev/dcd_stm32_fsdev.o
                0x08004e88                dcd_connect
 .text.fsdev_core_reset
                0x08004eb4       0x58 ./Core/Middlewares/TinyUSB/src/portable/st/stm32_fsdev/fsdev_common.o
                0x08004eb4                fsdev_core_reset
 .text.pma_align_buffer_size
                0x08004f0c       0x7c ./Core/Middlewares/TinyUSB/src/portable/st/stm32_fsdev/fsdev_common.o
                0x08004f0c                pma_align_buffer_size
 .text.btable_set_rx_bufsize
                0x08004f88       0x80 ./Core/Middlewares/TinyUSB/src/portable/st/stm32_fsdev/fsdev_common.o
                0x08004f88                btable_set_rx_bufsize
 .text.tusb_rhport_init
                0x08005008       0xc8 ./Core/Middlewares/TinyUSB/src/tusb.o
                0x08005008                tusb_rhport_init
 .text.tu_edpt_claim
                0x080050d0       0x78 ./Core/Middlewares/TinyUSB/src/tusb.o
                0x080050d0                tu_edpt_claim
 .text.tu_edpt_release
                0x08005148       0x54 ./Core/Middlewares/TinyUSB/src/tusb.o
                0x08005148                tu_edpt_release
 .text.tu_bind_driver_to_ep_itf
                0x0800519c      0x11c ./Core/Middlewares/TinyUSB/src/tusb.o
                0x0800519c                tu_bind_driver_to_ep_itf
 .text.tu_edpt_stream_init
                0x080052b8       0x56 ./Core/Middlewares/TinyUSB/src/tusb.o
                0x080052b8                tu_edpt_stream_init
 .text.stream_claim
                0x0800530e       0x3a ./Core/Middlewares/TinyUSB/src/tusb.o
 .text.stream_xfer
                0x08005348       0x66 ./Core/Middlewares/TinyUSB/src/tusb.o
 .text.stream_release
                0x080053ae       0x2e ./Core/Middlewares/TinyUSB/src/tusb.o
 .text.tu_edpt_stream_write_zlp_if_needed
                0x080053dc       0x9c ./Core/Middlewares/TinyUSB/src/tusb.o
                0x080053dc                tu_edpt_stream_write_zlp_if_needed
 .text.tu_edpt_stream_write_xfer
                0x08005478      0x15c ./Core/Middlewares/TinyUSB/src/tusb.o
                0x08005478                tu_edpt_stream_write_xfer
 .text.tu_edpt_stream_write
                0x080055d4       0xb6 ./Core/Middlewares/TinyUSB/src/tusb.o
                0x080055d4                tu_edpt_stream_write
 .text.tu_edpt_stream_write_available
                0x0800568a       0x74 ./Core/Middlewares/TinyUSB/src/tusb.o
                0x0800568a                tu_edpt_stream_write_available
 *fill*         0x080056fe        0x2 
 .text.tu_edpt_stream_read_xfer
                0x08005700      0x180 ./Core/Middlewares/TinyUSB/src/tusb.o
                0x08005700                tu_edpt_stream_read_xfer
 .text.MCP_Write
                0x08005880       0x50 ./Core/Src/main.o
                0x08005880                MCP_Write
 .text.MCP_Read
                0x080058d0       0x60 ./Core/Src/main.o
                0x080058d0                MCP_Read
 .text.Matrix_Scan
                0x08005930      0x184 ./Core/Src/main.o
                0x08005930                Matrix_Scan
 .text.main     0x08005ab4       0xec ./Core/Src/main.o
                0x08005ab4                main
 .text.SystemClock_Config
                0x08005ba0       0xc4 ./Core/Src/main.o
                0x08005ba0                SystemClock_Config
 .text.PeriphCommonClock_Config
                0x08005c64       0x3c ./Core/Src/main.o
                0x08005c64                PeriphCommonClock_Config
 .text.MX_SPI1_Init
                0x08005ca0       0xac ./Core/Src/main.o
 .text.MX_USB_PCD_Init
                0x08005d4c       0x64 ./Core/Src/main.o
 .text.MX_GPIO_Init
                0x08005db0       0xc0 ./Core/Src/main.o
 .text.Error_Handler
                0x08005e70        0xc ./Core/Src/main.o
                0x08005e70                Error_Handler
 .text.HAL_MspInit
                0x08005e7c        0xe ./Core/Src/stm32h5xx_hal_msp.o
                0x08005e7c                HAL_MspInit
 *fill*         0x08005e8a        0x2 
 .text.HAL_SPI_MspInit
                0x08005e8c       0xd0 ./Core/Src/stm32h5xx_hal_msp.o
                0x08005e8c                HAL_SPI_MspInit
 .text.HAL_PCD_MspInit
                0x08005f5c       0x78 ./Core/Src/stm32h5xx_hal_msp.o
                0x08005f5c                HAL_PCD_MspInit
 .text.NMI_Handler
                0x08005fd4        0x8 ./Core/Src/stm32h5xx_it.o
                0x08005fd4                NMI_Handler
 .text.HardFault_Handler
                0x08005fdc        0x8 ./Core/Src/stm32h5xx_it.o
                0x08005fdc                HardFault_Handler
 .text.MemManage_Handler
                0x08005fe4        0x8 ./Core/Src/stm32h5xx_it.o
                0x08005fe4                MemManage_Handler
 .text.BusFault_Handler
                0x08005fec        0x8 ./Core/Src/stm32h5xx_it.o
                0x08005fec                BusFault_Handler
 .text.UsageFault_Handler
                0x08005ff4        0x8 ./Core/Src/stm32h5xx_it.o
                0x08005ff4                UsageFault_Handler
 .text.SVC_Handler
                0x08005ffc        0xe ./Core/Src/stm32h5xx_it.o
                0x08005ffc                SVC_Handler
 .text.DebugMon_Handler
                0x0800600a        0xe ./Core/Src/stm32h5xx_it.o
                0x0800600a                DebugMon_Handler
 .text.PendSV_Handler
                0x08006018        0xe ./Core/Src/stm32h5xx_it.o
                0x08006018                PendSV_Handler
 .text.SysTick_Handler
                0x08006026        0xc ./Core/Src/stm32h5xx_it.o
                0x08006026                SysTick_Handler
 .text.EXTI13_IRQHandler
                0x08006032        0xe ./Core/Src/stm32h5xx_it.o
                0x08006032                EXTI13_IRQHandler
 .text.USB_DRD_FS_IRQHandler
                0x08006040        0xe ./Core/Src/stm32h5xx_it.o
                0x08006040                USB_DRD_FS_IRQHandler
 *fill*         0x0800604e        0x2 
 .text.SystemInit
                0x08006050       0xf8 ./Core/Src/system_stm32h5xx.o
                0x08006050                SystemInit
 .text.tud_descriptor_device_cb
                0x08006148       0x14 ./Core/Src/usb_descriptors.o
                0x08006148                tud_descriptor_device_cb
 .text.tud_descriptor_configuration_cb
                0x0800615c       0x1c ./Core/Src/usb_descriptors.o
                0x0800615c                tud_descriptor_configuration_cb
 .text.tud_descriptor_string_cb
                0x08006178       0xa8 ./Core/Src/usb_descriptors.o
                0x08006178                tud_descriptor_string_cb
 .text.Reset_Handler
                0x08006220       0x50 ./Core/Startup/startup_stm32h533retx.o
                0x08006220                Reset_Handler
 .text.Default_Handler
                0x08006270        0x2 ./Core/Startup/startup_stm32h533retx.o
                0x08006270                EXTI2_IRQHandler
                0x08006270                TIM8_TRG_COM_IRQHandler
                0x08006270                TIM8_CC_IRQHandler
                0x08006270                EXTI5_IRQHandler
                0x08006270                I3C1_ER_IRQHandler
                0x08006270                SPI4_IRQHandler
                0x08006270                GPDMA2_Channel1_IRQHandler
                0x08006270                FLASH_S_IRQHandler
                0x08006270                TIM1_CC_IRQHandler
                0x08006270                GPDMA2_Channel3_IRQHandler
                0x08006270                TAMP_IRQHandler
                0x08006270                TIM6_IRQHandler
                0x08006270                EXTI12_IRQHandler
                0x08006270                EXTI3_IRQHandler
                0x08006270                GPDMA1_Channel5_IRQHandler
                0x08006270                EXTI8_IRQHandler
                0x08006270                GPDMA2_Channel5_IRQHandler
                0x08006270                LPTIM2_IRQHandler
                0x08006270                I2C3_ER_IRQHandler
                0x08006270                GPDMA2_Channel2_IRQHandler
                0x08006270                EXTI0_IRQHandler
                0x08006270                I2C2_EV_IRQHandler
                0x08006270                FPU_IRQHandler
                0x08006270                GPDMA1_Channel3_IRQHandler
                0x08006270                GPDMA1_Channel7_IRQHandler
                0x08006270                FDCAN1_IT1_IRQHandler
                0x08006270                RAMCFG_IRQHandler
                0x08006270                DCACHE1_IRQHandler
                0x08006270                SPI1_IRQHandler
                0x08006270                OCTOSPI1_IRQHandler
                0x08006270                GPDMA1_Channel2_IRQHandler
                0x08006270                TIM8_UP_IRQHandler
                0x08006270                RCC_S_IRQHandler
                0x08006270                ADC1_IRQHandler
                0x08006270                PKA_IRQHandler
                0x08006270                USART6_IRQHandler
                0x08006270                I3C2_ER_IRQHandler
                0x08006270                EXTI15_IRQHandler
                0x08006270                USART3_IRQHandler
                0x08006270                RTC_IRQHandler
                0x08006270                EXTI9_IRQHandler
                0x08006270                UART5_IRQHandler
                0x08006270                TIM4_IRQHandler
                0x08006270                I3C2_EV_IRQHandler
                0x08006270                I2C1_EV_IRQHandler
                0x08006270                GPDMA1_Channel1_IRQHandler
                0x08006270                UART4_IRQHandler
                0x08006270                SecureFault_Handler
                0x08006270                TIM3_IRQHandler
                0x08006270                RCC_IRQHandler
                0x08006270                TIM1_TRG_COM_IRQHandler
                0x08006270                Default_Handler
                0x08006270                CEC_IRQHandler
                0x08006270                OTFDEC1_IRQHandler
                0x08006270                GPDMA2_Channel4_IRQHandler
                0x08006270                TIM12_IRQHandler
                0x08006270                TIM7_IRQHandler
                0x08006270                SDMMC1_IRQHandler
                0x08006270                SAES_IRQHandler
                0x08006270                TIM5_IRQHandler
                0x08006270                UCPD1_IRQHandler
                0x08006270                GPDMA1_Channel0_IRQHandler
                0x08006270                I3C1_EV_IRQHandler
                0x08006270                TIM15_IRQHandler
                0x08006270                PVD_AVD_IRQHandler
                0x08006270                I2C3_EV_IRQHandler
                0x08006270                ADC2_IRQHandler
                0x08006270                SPI2_IRQHandler
                0x08006270                EXTI14_IRQHandler
                0x08006270                EXTI11_IRQHandler
                0x08006270                CRS_IRQHandler
                0x08006270                EXTI4_IRQHandler
                0x08006270                GPDMA2_Channel0_IRQHandler
                0x08006270                RTC_S_IRQHandler
                0x08006270                RNG_IRQHandler
                0x08006270                FDCAN2_IT1_IRQHandler
                0x08006270                GPDMA2_Channel6_IRQHandler
                0x08006270                TIM1_UP_IRQHandler
                0x08006270                WWDG_IRQHandler
                0x08006270                FDCAN2_IT0_IRQHandler
                0x08006270                IWDG_IRQHandler
                0x08006270                LPUART1_IRQHandler
                0x08006270                FDCAN1_IT0_IRQHandler
                0x08006270                TIM2_IRQHandler
                0x08006270                GPDMA1_Channel4_IRQHandler
                0x08006270                EXTI7_IRQHandler
                0x08006270                TIM1_BRK_IRQHandler
                0x08006270                EXTI1_IRQHandler
                0x08006270                AES_IRQHandler
                0x08006270                DAC1_IRQHandler
                0x08006270                DTS_IRQHandler
                0x08006270                GTZC_IRQHandler
                0x08006270                USART2_IRQHandler
                0x08006270                GPDMA1_Channel6_IRQHandler
                0x08006270                GPDMA2_Channel7_IRQHandler
                0x08006270                I2C2_ER_IRQHandler
                0x08006270                TIM8_BRK_IRQHandler
                0x08006270                FLASH_IRQHandler
                0x08006270                USART1_IRQHandler
                0x08006270                EXTI10_IRQHandler
                0x08006270                SPI3_IRQHandler
                0x08006270                I2C1_ER_IRQHandler
                0x08006270                FMC_IRQHandler
                0x08006270                EXTI6_IRQHandler
                0x08006270                LPTIM1_IRQHandler
                0x08006270                DCMI_PSSI_IRQHandler
                0x08006270                ICACHE_IRQHandler
                0x08006270                HASH_IRQHandler
 *fill*         0x08006272        0x2 
 .text.BSP_PB_IRQHandler
                0x08006274       0x2c ./Drivers/BSP/STM32H5xx_Nucleo/stm32h5xx_nucleo.o
                0x08006274                BSP_PB_IRQHandler
 .text.HAL_Init
                0x080062a0       0x50 ./Drivers/STM32H5xx_HAL_Driver/Src/stm32h5xx_hal.o
                0x080062a0                HAL_Init
 .text.HAL_InitTick
                0x080062f0       0xec ./Drivers/STM32H5xx_HAL_Driver/Src/stm32h5xx_hal.o
                0x080062f0                HAL_InitTick
 .text.HAL_IncTick
                0x080063dc       0x28 ./Drivers/STM32H5xx_HAL_Driver/Src/stm32h5xx_hal.o
                0x080063dc                HAL_IncTick
 .text.HAL_GetTick
                0x08006404       0x18 ./Drivers/STM32H5xx_HAL_Driver/Src/stm32h5xx_hal.o
                0x08006404                HAL_GetTick
 .text.HAL_Delay
                0x0800641c       0x48 ./Drivers/STM32H5xx_HAL_Driver/Src/stm32h5xx_hal.o
                0x0800641c                HAL_Delay
 .text.__NVIC_SetPriorityGrouping
                0x08006464       0x48 ./Drivers/STM32H5xx_HAL_Driver/Src/stm32h5xx_hal_cortex.o
 .text.__NVIC_GetPriorityGrouping
                0x080064ac       0x1c ./Drivers/STM32H5xx_HAL_Driver/Src/stm32h5xx_hal_cortex.o
 .text.__NVIC_SetPriority
                0x080064c8       0x54 ./Drivers/STM32H5xx_HAL_Driver/Src/stm32h5xx_hal_cortex.o
 .text.NVIC_EncodePriority
                0x0800651c       0x66 ./Drivers/STM32H5xx_HAL_Driver/Src/stm32h5xx_hal_cortex.o
 .text.HAL_NVIC_SetPriorityGrouping
                0x08006582       0x16 ./Drivers/STM32H5xx_HAL_Driver/Src/stm32h5xx_hal_cortex.o
                0x08006582                HAL_NVIC_SetPriorityGrouping
 .text.HAL_NVIC_SetPriority
                0x08006598       0x34 ./Drivers/STM32H5xx_HAL_Driver/Src/stm32h5xx_hal_cortex.o
                0x08006598                HAL_NVIC_SetPriority
 .text.HAL_SYSTICK_Config
                0x080065cc       0x44 ./Drivers/STM32H5xx_HAL_Driver/Src/stm32h5xx_hal_cortex.o
                0x080065cc                HAL_SYSTICK_Config
 .text.HAL_SYSTICK_CLKSourceConfig
                0x08006610       0xb0 ./Drivers/STM32H5xx_HAL_Driver/Src/stm32h5xx_hal_cortex.o
                0x08006610                HAL_SYSTICK_CLKSourceConfig
 .text.HAL_SYSTICK_GetCLKSourceConfig
                0x080066c0       0x6c ./Drivers/STM32H5xx_HAL_Driver/Src/stm32h5xx_hal_cortex.o
                0x080066c0                HAL_SYSTICK_GetCLKSourceConfig
 .text.HAL_EXTI_IRQHandler
                0x0800672c       0x90 ./Drivers/STM32H5xx_HAL_Driver/Src/stm32h5xx_hal_exti.o
                0x0800672c                HAL_EXTI_IRQHandler
 .text.HAL_GPIO_Init
                0x080067bc      0x2bc ./Drivers/STM32H5xx_HAL_Driver/Src/stm32h5xx_hal_gpio.o
                0x080067bc                HAL_GPIO_Init
 .text.HAL_GPIO_WritePin
                0x08006a78       0x30 ./Drivers/STM32H5xx_HAL_Driver/Src/stm32h5xx_hal_gpio.o
                0x08006a78                HAL_GPIO_WritePin
 .text.HAL_PCD_Init
                0x08006aa8      0x202 ./Drivers/STM32H5xx_HAL_Driver/Src/stm32h5xx_hal_pcd.o
                0x08006aa8                HAL_PCD_Init
 .text.HAL_PCDEx_ActivateLPM
                0x08006caa       0x44 ./Drivers/STM32H5xx_HAL_Driver/Src/stm32h5xx_hal_pcd_ex.o
                0x08006caa                HAL_PCDEx_ActivateLPM
 *fill*         0x08006cee        0x2 
 .text.HAL_PWREx_EnableVddUSB
                0x08006cf0       0x20 ./Drivers/STM32H5xx_HAL_Driver/Src/stm32h5xx_hal_pwr_ex.o
                0x08006cf0                HAL_PWREx_EnableVddUSB
 .text.HAL_RCC_OscConfig
                0x08006d10      0x870 ./Drivers/STM32H5xx_HAL_Driver/Src/stm32h5xx_hal_rcc.o
                0x08006d10                HAL_RCC_OscConfig
 .text.HAL_RCC_ClockConfig
                0x08007580      0x370 ./Drivers/STM32H5xx_HAL_Driver/Src/stm32h5xx_hal_rcc.o
                0x08007580                HAL_RCC_ClockConfig
 .text.HAL_RCC_GetSysClockFreq
                0x080078f0      0x258 ./Drivers/STM32H5xx_HAL_Driver/Src/stm32h5xx_hal_rcc.o
                0x080078f0                HAL_RCC_GetSysClockFreq
 .text.HAL_RCC_GetHCLKFreq
                0x08007b48       0x38 ./Drivers/STM32H5xx_HAL_Driver/Src/stm32h5xx_hal_rcc.o
                0x08007b48                HAL_RCC_GetHCLKFreq
 .text.HAL_RCCEx_PeriphCLKConfig
                0x08007b80     0x1380 ./Drivers/STM32H5xx_HAL_Driver/Src/stm32h5xx_hal_rcc_ex.o
                0x08007b80                HAL_RCCEx_PeriphCLKConfig
 .text.HAL_RCCEx_CRSConfig
                0x08008f00       0x84 ./Drivers/STM32H5xx_HAL_Driver/Src/stm32h5xx_hal_rcc_ex.o
                0x08008f00                HAL_RCCEx_CRSConfig
 .text.RCCEx_PLL2_Config
                0x08008f84      0x130 ./Drivers/STM32H5xx_HAL_Driver/Src/stm32h5xx_hal_rcc_ex.o
 .text.RCCEx_PLL3_Config
                0x080090b4      0x130 ./Drivers/STM32H5xx_HAL_Driver/Src/stm32h5xx_hal_rcc_ex.o
 .text.HAL_SPI_Init
                0x080091e4      0x258 ./Drivers/STM32H5xx_HAL_Driver/Src/stm32h5xx_hal_spi.o
                0x080091e4                HAL_SPI_Init
 .text.HAL_SPI_Transmit
                0x0800943c      0x438 ./Drivers/STM32H5xx_HAL_Driver/Src/stm32h5xx_hal_spi.o
                0x0800943c                HAL_SPI_Transmit
 .text.HAL_SPI_TransmitReceive
                0x08009874      0x6e4 ./Drivers/STM32H5xx_HAL_Driver/Src/stm32h5xx_hal_spi.o
                0x08009874                HAL_SPI_TransmitReceive
 .text.SPI_CloseTransfer
                0x08009f58      0x140 ./Drivers/STM32H5xx_HAL_Driver/Src/stm32h5xx_hal_spi.o
 .text.SPI_WaitOnFlagUntilTimeout
                0x0800a098       0x5c ./Drivers/STM32H5xx_HAL_Driver/Src/stm32h5xx_hal_spi.o
 .text.SPI_GetPacketSize
                0x0800a0f4       0x36 ./Drivers/STM32H5xx_HAL_Driver/Src/stm32h5xx_hal_spi.o
 .text.USB_CoreReset
                0x0800a12a       0x2e ./Drivers/STM32H5xx_HAL_Driver/Src/stm32h5xx_ll_usb.o
 .text.USB_CoreInit
                0x0800a158       0x3c ./Drivers/STM32H5xx_HAL_Driver/Src/stm32h5xx_ll_usb.o
                0x0800a158                USB_CoreInit
 .text.USB_DisableGlobalInt
                0x0800a194       0x2a ./Drivers/STM32H5xx_HAL_Driver/Src/stm32h5xx_ll_usb.o
                0x0800a194                USB_DisableGlobalInt
 .text.USB_SetCurrentMode
                0x0800a1be       0x46 ./Drivers/STM32H5xx_HAL_Driver/Src/stm32h5xx_ll_usb.o
                0x0800a1be                USB_SetCurrentMode
 .text.USB_DevInit
                0x0800a204       0x46 ./Drivers/STM32H5xx_HAL_Driver/Src/stm32h5xx_ll_usb.o
                0x0800a204                USB_DevInit
 .text.USB_DevDisconnect
                0x0800a24a       0x22 ./Drivers/STM32H5xx_HAL_Driver/Src/stm32h5xx_ll_usb.o
                0x0800a24a                USB_DevDisconnect
 .text.memset   0x0800a26c       0x10 C:/ST/STM32CubeIDE_1.18.0/STM32CubeIDE/plugins/com.st.stm32cube.ide.mcu.externaltools.gnu-tools-for-stm32.13.3.rel1.win32_1.0.0.202411081344/tools/bin/../lib/gcc/arm-none-eabi/13.3.1/../../../../arm-none-eabi/lib/thumb/v8-m.main+fp/hard\libc_nano.a(libc_a-memset.o)
                0x0800a26c                memset
 .text.__libc_init_array
                0x0800a27c       0x48 C:/ST/STM32CubeIDE_1.18.0/STM32CubeIDE/plugins/com.st.stm32cube.ide.mcu.externaltools.gnu-tools-for-stm32.13.3.rel1.win32_1.0.0.202411081344/tools/bin/../lib/gcc/arm-none-eabi/13.3.1/../../../../arm-none-eabi/lib/thumb/v8-m.main+fp/hard\libc_nano.a(libc_a-init.o)
                0x0800a27c                __libc_init_array
 .text.memcpy   0x0800a2c4       0x1a C:/ST/STM32CubeIDE_1.18.0/STM32CubeIDE/plugins/com.st.stm32cube.ide.mcu.externaltools.gnu-tools-for-stm32.13.3.rel1.win32_1.0.0.202411081344/tools/bin/../lib/gcc/arm-none-eabi/13.3.1/../../../../arm-none-eabi/lib/thumb/v8-m.main+fp/hard\libc_nano.a(libc_a-memcpy-stub.o)
                0x0800a2c4                memcpy
 *(.glue_7)
 .glue_7        0x0800a2de        0x0 linker stubs
 *(.glue_7t)
 .glue_7t       0x0800a2de        0x0 linker stubs
 *(.eh_frame)
 *fill*         0x0800a2de        0x2 
 .eh_frame      0x0800a2e0        0x0 C:/ST/STM32CubeIDE_1.18.0/STM32CubeIDE/plugins/com.st.stm32cube.ide.mcu.externaltools.gnu-tools-for-stm32.13.3.rel1.win32_1.0.0.202411081344/tools/bin/../lib/gcc/arm-none-eabi/13.3.1/thumb/v8-m.main+fp/hard/crtbegin.o
 *(.init)
 .init          0x0800a2e0        0x4 C:/ST/STM32CubeIDE_1.18.0/STM32CubeIDE/plugins/com.st.stm32cube.ide.mcu.externaltools.gnu-tools-for-stm32.13.3.rel1.win32_1.0.0.202411081344/tools/bin/../lib/gcc/arm-none-eabi/13.3.1/thumb/v8-m.main+fp/hard/crti.o
                0x0800a2e0                _init
 .init          0x0800a2e4        0x8 C:/ST/STM32CubeIDE_1.18.0/STM32CubeIDE/plugins/com.st.stm32cube.ide.mcu.externaltools.gnu-tools-for-stm32.13.3.rel1.win32_1.0.0.202411081344/tools/bin/../lib/gcc/arm-none-eabi/13.3.1/thumb/v8-m.main+fp/hard/crtn.o
 *(.fini)
 .fini          0x0800a2ec        0x4 C:/ST/STM32CubeIDE_1.18.0/STM32CubeIDE/plugins/com.st.stm32cube.ide.mcu.externaltools.gnu-tools-for-stm32.13.3.rel1.win32_1.0.0.202411081344/tools/bin/../lib/gcc/arm-none-eabi/13.3.1/thumb/v8-m.main+fp/hard/crti.o
                0x0800a2ec                _fini
 .fini          0x0800a2f0        0x8 C:/ST/STM32CubeIDE_1.18.0/STM32CubeIDE/plugins/com.st.stm32cube.ide.mcu.externaltools.gnu-tools-for-stm32.13.3.rel1.win32_1.0.0.202411081344/tools/bin/../lib/gcc/arm-none-eabi/13.3.1/thumb/v8-m.main+fp/hard/crtn.o
                0x0800a2f8                        . = ALIGN (0x4)
                0x0800a2f8                        _etext = .

.vfp11_veneer   0x0800a2f8        0x0
 .vfp11_veneer  0x0800a2f8        0x0 linker stubs

.v4_bx          0x0800a2f8        0x0
 .v4_bx         0x0800a2f8        0x0 linker stubs

.iplt           0x0800a2f8        0x0
 .iplt          0x0800a2f8        0x0 C:/ST/STM32CubeIDE_1.18.0/STM32CubeIDE/plugins/com.st.stm32cube.ide.mcu.externaltools.gnu-tools-for-stm32.13.3.rel1.win32_1.0.0.202411081344/tools/bin/../lib/gcc/arm-none-eabi/13.3.1/thumb/v8-m.main+fp/hard/crtbegin.o

.rodata         0x0800a2f8       0xf0
                0x0800a2f8                        . = ALIGN (0x4)
 *(.rodata)
 .rodata        0x0800a2f8       0x3b ./Core/Src/usb_descriptors.o
 *(.rodata*)
 *fill*         0x0800a333        0x1 
 .rodata._usbd_driver
                0x0800a334       0x24 ./Core/Middlewares/TinyUSB/src/device/usbd.o
 .rodata.AHBPrescTable
                0x0800a358       0x10 ./Core/Src/system_stm32h5xx.o
                0x0800a358                AHBPrescTable
 .rodata.desc_device
                0x0800a368       0x12 ./Core/Src/usb_descriptors.o
 *fill*         0x0800a37a        0x2 
 .rodata.desc_fs_configuration
                0x0800a37c       0x65 ./Core/Src/usb_descriptors.o
 *fill*         0x0800a3e1        0x3 
 .rodata.__compound_literal.0
                0x0800a3e4        0x2 ./Core/Src/usb_descriptors.o
                0x0800a3e8                        . = ALIGN (0x4)
 *fill*         0x0800a3e6        0x2 

.ARM.extab      0x0800a3e8        0x0
                0x0800a3e8                        . = ALIGN (0x4)
 *(.ARM.extab* .gnu.linkonce.armextab.*)
                0x0800a3e8                        . = ALIGN (0x4)

.ARM            0x0800a3e8        0x8
                0x0800a3e8                        . = ALIGN (0x4)
                0x0800a3e8                        __exidx_start = .
 *(.ARM.exidx*)
 .ARM.exidx     0x0800a3e8        0x8 C:/ST/STM32CubeIDE_1.18.0/STM32CubeIDE/plugins/com.st.stm32cube.ide.mcu.externaltools.gnu-tools-for-stm32.13.3.rel1.win32_1.0.0.202411081344/tools/bin/../lib/gcc/arm-none-eabi/13.3.1/../../../../arm-none-eabi/lib/thumb/v8-m.main+fp/hard\libc_nano.a(libc_a-strlen.o)
                0x0800a3f0                        __exidx_end = .
                0x0800a3f0                        . = ALIGN (0x4)

.preinit_array  0x0800a3f0        0x0
                0x0800a3f0                        . = ALIGN (0x4)
                0x0800a3f0                        PROVIDE (__preinit_array_start = .)
 *(.preinit_array*)
                0x0800a3f0                        PROVIDE (__preinit_array_end = .)
                0x0800a3f0                        . = ALIGN (0x4)

.init_array     0x0800a3f0        0x4
                0x0800a3f0                        . = ALIGN (0x4)
                0x0800a3f0                        PROVIDE (__init_array_start = .)
 *(SORT_BY_NAME(.init_array.*))
 *(.init_array*)
 .init_array    0x0800a3f0        0x4 C:/ST/STM32CubeIDE_1.18.0/STM32CubeIDE/plugins/com.st.stm32cube.ide.mcu.externaltools.gnu-tools-for-stm32.13.3.rel1.win32_1.0.0.202411081344/tools/bin/../lib/gcc/arm-none-eabi/13.3.1/thumb/v8-m.main+fp/hard/crtbegin.o
                0x0800a3f4                        PROVIDE (__init_array_end = .)
                0x0800a3f4                        . = ALIGN (0x4)

.fini_array     0x0800a3f4        0x4
                0x0800a3f4                        . = ALIGN (0x4)
                [!provide]                        PROVIDE (__fini_array_start = .)
 *(SORT_BY_NAME(.fini_array.*))
 *(.fini_array*)
 .fini_array    0x0800a3f4        0x4 C:/ST/STM32CubeIDE_1.18.0/STM32CubeIDE/plugins/com.st.stm32cube.ide.mcu.externaltools.gnu-tools-for-stm32.13.3.rel1.win32_1.0.0.202411081344/tools/bin/../lib/gcc/arm-none-eabi/13.3.1/thumb/v8-m.main+fp/hard/crtbegin.o
                [!provide]                        PROVIDE (__fini_array_end = .)
                0x0800a3f8                        . = ALIGN (0x4)
                0x0800a3f8                        _sidata = LOADADDR (.data)

.rel.dyn        0x0800a3f8        0x0
 .rel.iplt      0x0800a3f8        0x0 C:/ST/STM32CubeIDE_1.18.0/STM32CubeIDE/plugins/com.st.stm32cube.ide.mcu.externaltools.gnu-tools-for-stm32.13.3.rel1.win32_1.0.0.202411081344/tools/bin/../lib/gcc/arm-none-eabi/13.3.1/thumb/v8-m.main+fp/hard/crtbegin.o

.data           0x20000000       0x3c load address 0x0800a3f8
                0x20000000                        . = ALIGN (0x4)
                0x20000000                        _sdata = .
 *(.data)
 *(.data*)
 .data._usbd_rhport
                0x20000000        0x1 ./Core/Middlewares/TinyUSB/src/device/usbd.o
 *fill*         0x20000001        0x3 
 .data._usbd_spin
                0x20000004        0x8 ./Core/Middlewares/TinyUSB/src/device/usbd.o
 .data._usbd_qdef
                0x2000000c       0x14 ./Core/Middlewares/TinyUSB/src/device/usbd.o
                0x2000000c                _usbd_qdef
 .data.SystemCoreClock
                0x20000020        0x4 ./Core/Src/system_stm32h5xx.o
                0x20000020                SystemCoreClock
 .data.string_desc_arr
                0x20000024       0x10 ./Core/Src/usb_descriptors.o
 .data.uwTickPrio
                0x20000034        0x4 ./Drivers/STM32H5xx_HAL_Driver/Src/stm32h5xx_hal.o
                0x20000034                uwTickPrio
 .data.uwTickFreq
                0x20000038        0x1 ./Drivers/STM32H5xx_HAL_Driver/Src/stm32h5xx_hal.o
                0x20000038                uwTickFreq
 *(.RamFunc)
 *(.RamFunc*)
                0x2000003c                        . = ALIGN (0x4)
 *fill*         0x20000039        0x3 
                0x2000003c                        _edata = .

.igot.plt       0x2000003c        0x0 load address 0x0800a434
 .igot.plt      0x2000003c        0x0 C:/ST/STM32CubeIDE_1.18.0/STM32CubeIDE/plugins/com.st.stm32cube.ide.mcu.externaltools.gnu-tools-for-stm32.13.3.rel1.win32_1.0.0.202411081344/tools/bin/../lib/gcc/arm-none-eabi/13.3.1/thumb/v8-m.main+fp/hard/crtbegin.o
                0x2000003c                        . = ALIGN (0x4)

.bss            0x2000003c      0x748 load address 0x0800a434
                0x2000003c                        _sbss = .
                0x2000003c                        __bss_start__ = _sbss
 *(.bss)
 .bss           0x2000003c       0x1c C:/ST/STM32CubeIDE_1.18.0/STM32CubeIDE/plugins/com.st.stm32cube.ide.mcu.externaltools.gnu-tools-for-stm32.13.3.rel1.win32_1.0.0.202411081344/tools/bin/../lib/gcc/arm-none-eabi/13.3.1/thumb/v8-m.main+fp/hard/crtbegin.o
 *(.bss*)
 .bss._midid_itf
                0x20000058       0xc0 ./Core/Middlewares/TinyUSB/src/class/midi/midi_device.o
 .bss._usbd_dev
                0x20000118       0x37 ./Core/Middlewares/TinyUSB/src/device/usbd.o
 .bss._usbd_queued_setup
                0x2000014f        0x1 ./Core/Middlewares/TinyUSB/src/device/usbd.o
 .bss._app_driver
                0x20000150        0x4 ./Core/Middlewares/TinyUSB/src/device/usbd.o
 .bss._app_driver_count
                0x20000154        0x1 ./Core/Middlewares/TinyUSB/src/device/usbd.o
 *fill*         0x20000155        0x3 
 .bss._usbd_qdef_buf
                0x20000158       0xc0 ./Core/Middlewares/TinyUSB/src/device/usbd.o
                0x20000158                _usbd_qdef_buf
 .bss._usbd_q   0x20000218        0x4 ./Core/Middlewares/TinyUSB/src/device/usbd.o
 .bss._ctrl_xfer
                0x2000021c       0x14 ./Core/Middlewares/TinyUSB/src/device/usbd_control.o
 .bss._ctrl_epbuf
                0x20000230       0x40 ./Core/Middlewares/TinyUSB/src/device/usbd_control.o
 .bss.xfer_status
                0x20000270      0x100 ./Core/Middlewares/TinyUSB/src/portable/st/stm32_fsdev/dcd_stm32_fsdev.o
 .bss.ep_alloc_status
                0x20000370       0x20 ./Core/Middlewares/TinyUSB/src/portable/st/stm32_fsdev/dcd_stm32_fsdev.o
 .bss.remoteWakeCountdown
                0x20000390        0x1 ./Core/Middlewares/TinyUSB/src/portable/st/stm32_fsdev/dcd_stm32_fsdev.o
 *fill*         0x20000391        0x1 
 .bss.ep_buf_ptr
                0x20000392        0x2 ./Core/Middlewares/TinyUSB/src/portable/st/stm32_fsdev/dcd_stm32_fsdev.o
 .bss._tusb_rhport_role
                0x20000394        0x2 ./Core/Middlewares/TinyUSB/src/tusb.o
                0x20000394                _tusb_rhport_role
 *fill*         0x20000396        0x2 
 .bss.hspi1     0x20000398       0x90 ./Core/Src/main.o
                0x20000398                hspi1
 .bss.hpcd_USB_DRD_FS
                0x20000428      0x2e4 ./Core/Src/main.o
                0x20000428                hpcd_USB_DRD_FS
 .bss.key_state
                0x2000070c       0x10 ./Core/Src/main.o
                0x2000070c                key_state
 .bss.debounce_count
                0x2000071c       0x10 ./Core/Src/main.o
                0x2000071c                debounce_count
 .bss.last_scan.0
                0x2000072c        0x4 ./Core/Src/main.o
 .bss._desc_str
                0x20000730       0x42 ./Core/Src/usb_descriptors.o
 *fill*         0x20000772        0x2 
 .bss.hpb_exti  0x20000774        0xc ./Drivers/BSP/STM32H5xx_Nucleo/stm32h5xx_nucleo.o
                0x20000774                hpb_exti
 .bss.uwTick    0x20000780        0x4 ./Drivers/STM32H5xx_HAL_Driver/Src/stm32h5xx_hal.o
                0x20000780                uwTick
 *(COMMON)
                0x20000784                        . = ALIGN (0x4)
                0x20000784                        _ebss = .
                0x20000784                        __bss_end__ = _ebss

._user_heap_stack
                0x20000784      0x604 load address 0x0800a434
                0x20000788                        . = ALIGN (0x8)
 *fill*         0x20000784        0x4 
                [!provide]                        PROVIDE (end = .)
                0x20000788                        PROVIDE (_end = .)
                0x20000988                        . = (. + _Min_Heap_Size)
 *fill*         0x20000788      0x200 
                0x20000d88                        . = (. + _Min_Stack_Size)
 *fill*         0x20000988      0x400 
                0x20000d88                        . = ALIGN (0x8)

/DISCARD/
 libc.a(*)
 libm.a(*)
 libgcc.a(*)

.ARM.attributes
                0x00000000       0x36
 *(.ARM.attributes)
 .ARM.attributes
                0x00000000       0x26 C:/ST/STM32CubeIDE_1.18.0/STM32CubeIDE/plugins/com.st.stm32cube.ide.mcu.externaltools.gnu-tools-for-stm32.13.3.rel1.win32_1.0.0.202411081344/tools/bin/../lib/gcc/arm-none-eabi/13.3.1/thumb/v8-m.main+fp/hard/crti.o
 .ARM.attributes
                0x00000026       0x38 C:/ST/STM32CubeIDE_1.18.0/STM32CubeIDE/plugins/com.st.stm32cube.ide.mcu.externaltools.gnu-tools-for-stm32.13.3.rel1.win32_1.0.0.202411081344/tools/bin/../lib/gcc/arm-none-eabi/13.3.1/thumb/v8-m.main+fp/hard/crtbegin.o
 .ARM.attributes
                0x0000005e       0x3a ./Core/Middlewares/TinyUSB/src/class/midi/midi_device.o
 .ARM.attributes
                0x00000098       0x3a ./Core/Middlewares/TinyUSB/src/common/tusb_fifo.o
 .ARM.attributes
                0x000000d2       0x3a ./Core/Middlewares/TinyUSB/src/device/usbd.o
 .ARM.attributes
                0x0000010c       0x3a ./Core/Middlewares/TinyUSB/src/device/usbd_control.o
 .ARM.attributes
                0x00000146       0x3a ./Core/Middlewares/TinyUSB/src/portable/st/stm32_fsdev/dcd_stm32_fsdev.o
 .ARM.attributes
                0x00000180       0x3a ./Core/Middlewares/TinyUSB/src/portable/st/stm32_fsdev/fsdev_common.o
 .ARM.attributes
                0x000001ba       0x3a ./Core/Middlewares/TinyUSB/src/tusb.o
 .ARM.attributes
                0x000001f4       0x3a ./Core/Src/main.o
 .ARM.attributes
                0x0000022e       0x3a ./Core/Src/stm32h5xx_hal_msp.o
 .ARM.attributes
                0x00000268       0x3a ./Core/Src/stm32h5xx_it.o
 .ARM.attributes
                0x000002a2       0x3a ./Core/Src/system_stm32h5xx.o
 .ARM.attributes
                0x000002dc       0x3a ./Core/Src/usb_descriptors.o
 .ARM.attributes
                0x00000316       0x24 ./Core/Startup/startup_stm32h533retx.o
 .ARM.attributes
                0x0000033a       0x3a ./Drivers/BSP/STM32H5xx_Nucleo/stm32h5xx_nucleo.o
 .ARM.attributes
                0x00000374       0x3a ./Drivers/STM32H5xx_HAL_Driver/Src/stm32h5xx_hal.o
 .ARM.attributes
                0x000003ae       0x3a ./Drivers/STM32H5xx_HAL_Driver/Src/stm32h5xx_hal_cortex.o
 .ARM.attributes
                0x000003e8       0x3a ./Drivers/STM32H5xx_HAL_Driver/Src/stm32h5xx_hal_exti.o
 .ARM.attributes
                0x00000422       0x3a ./Drivers/STM32H5xx_HAL_Driver/Src/stm32h5xx_hal_gpio.o
 .ARM.attributes
                0x0000045c       0x3a ./Drivers/STM32H5xx_HAL_Driver/Src/stm32h5xx_hal_pcd.o
 .ARM.attributes
                0x00000496       0x3a ./Drivers/STM32H5xx_HAL_Driver/Src/stm32h5xx_hal_pcd_ex.o
 .ARM.attributes
                0x000004d0       0x3a ./Drivers/STM32H5xx_HAL_Driver/Src/stm32h5xx_hal_pwr_ex.o
 .ARM.attributes
                0x0000050a       0x3a ./Drivers/STM32H5xx_HAL_Driver/Src/stm32h5xx_hal_rcc.o
 .ARM.attributes
                0x00000544       0x3a ./Drivers/STM32H5xx_HAL_Driver/Src/stm32h5xx_hal_rcc_ex.o
 .ARM.attributes
                0x0000057e       0x3a ./Drivers/STM32H5xx_HAL_Driver/Src/stm32h5xx_hal_spi.o
 .ARM.attributes
                0x000005b8       0x3a ./Drivers/STM32H5xx_HAL_Driver/Src/stm32h5xx_ll_usb.o
 .ARM.attributes
                0x000005f2       0x38 C:/ST/STM32CubeIDE_1.18.0/STM32CubeIDE/plugins/com.st.stm32cube.ide.mcu.externaltools.gnu-tools-for-stm32.13.3.rel1.win32_1.0.0.202411081344/tools/bin/../lib/gcc/arm-none-eabi/13.3.1/../../../../arm-none-eabi/lib/thumb/v8-m.main+fp/hard\libc_nano.a(libc_a-memset.o)
 .ARM.attributes
                0x0000062a       0x38 C:/ST/STM32CubeIDE_1.18.0/STM32CubeIDE/plugins/com.st.stm32cube.ide.mcu.externaltools.gnu-tools-for-stm32.13.3.rel1.win32_1.0.0.202411081344/tools/bin/../lib/gcc/arm-none-eabi/13.3.1/../../../../arm-none-eabi/lib/thumb/v8-m.main+fp/hard\libc_nano.a(libc_a-init.o)
 .ARM.attributes
                0x00000662       0x38 C:/ST/STM32CubeIDE_1.18.0/STM32CubeIDE/plugins/com.st.stm32cube.ide.mcu.externaltools.gnu-tools-for-stm32.13.3.rel1.win32_1.0.0.202411081344/tools/bin/../lib/gcc/arm-none-eabi/13.3.1/../../../../arm-none-eabi/lib/thumb/v8-m.main+fp/hard\libc_nano.a(libc_a-memcpy-stub.o)
 .ARM.attributes
                0x0000069a       0x24 C:/ST/STM32CubeIDE_1.18.0/STM32CubeIDE/plugins/com.st.stm32cube.ide.mcu.externaltools.gnu-tools-for-stm32.13.3.rel1.win32_1.0.0.202411081344/tools/bin/../lib/gcc/arm-none-eabi/13.3.1/../../../../arm-none-eabi/lib/thumb/v8-m.main+fp/hard\libc_nano.a(libc_a-strlen.o)
 .ARM.attributes
                0x000006be       0x26 C:/ST/STM32CubeIDE_1.18.0/STM32CubeIDE/plugins/com.st.stm32cube.ide.mcu.externaltools.gnu-tools-for-stm32.13.3.rel1.win32_1.0.0.202411081344/tools/bin/../lib/gcc/arm-none-eabi/13.3.1/thumb/v8-m.main+fp/hard/crtn.o
OUTPUT(MIDI controller.elf elf32-littlearm)
LOAD linker stubs
LOAD C:/ST/STM32CubeIDE_1.18.0/STM32CubeIDE/plugins/com.st.stm32cube.ide.mcu.externaltools.gnu-tools-for-stm32.13.3.rel1.win32_1.0.0.202411081344/tools/bin/../lib/gcc/arm-none-eabi/13.3.1/../../../../arm-none-eabi/lib/thumb/v8-m.main+fp/hard\libc.a
LOAD C:/ST/STM32CubeIDE_1.18.0/STM32CubeIDE/plugins/com.st.stm32cube.ide.mcu.externaltools.gnu-tools-for-stm32.13.3.rel1.win32_1.0.0.202411081344/tools/bin/../lib/gcc/arm-none-eabi/13.3.1/../../../../arm-none-eabi/lib/thumb/v8-m.main+fp/hard\libm.a
LOAD C:/ST/STM32CubeIDE_1.18.0/STM32CubeIDE/plugins/com.st.stm32cube.ide.mcu.externaltools.gnu-tools-for-stm32.13.3.rel1.win32_1.0.0.202411081344/tools/bin/../lib/gcc/arm-none-eabi/13.3.1/thumb/v8-m.main+fp/hard\libgcc.a

.debug_info     0x00000000    0x1d484
 .debug_info    0x00000000     0x1a0f ./Core/Middlewares/TinyUSB/src/class/midi/midi_device.o
 .debug_info    0x00001a0f     0x1410 ./Core/Middlewares/TinyUSB/src/common/tusb_fifo.o
 .debug_info    0x00002e1f     0x3335 ./Core/Middlewares/TinyUSB/src/device/usbd.o
 .debug_info    0x00006154      0x75d ./Core/Middlewares/TinyUSB/src/device/usbd_control.o
 .debug_info    0x000068b1     0x3781 ./Core/Middlewares/TinyUSB/src/portable/st/stm32_fsdev/dcd_stm32_fsdev.o
 .debug_info    0x0000a032      0x6eb ./Core/Middlewares/TinyUSB/src/portable/st/stm32_fsdev/fsdev_common.o
 .debug_info    0x0000a71d     0x1528 ./Core/Middlewares/TinyUSB/src/tusb.o
 .debug_info    0x0000bc45     0x22f7 ./Core/Src/main.o
 .debug_info    0x0000df3c     0x16a6 ./Core/Src/stm32h5xx_hal_msp.o
 .debug_info    0x0000f5e2      0x1b1 ./Core/Src/stm32h5xx_it.o
 .debug_info    0x0000f793      0xce0 ./Core/Src/system_stm32h5xx.o
 .debug_info    0x00010473      0x55c ./Core/Src/usb_descriptors.o
 .debug_info    0x000109cf       0x30 ./Core/Startup/startup_stm32h533retx.o
 .debug_info    0x000109ff     0x1ad2 ./Drivers/BSP/STM32H5xx_Nucleo/stm32h5xx_nucleo.o
 .debug_info    0x000124d1     0x1302 ./Drivers/STM32H5xx_HAL_Driver/Src/stm32h5xx_hal.o
 .debug_info    0x000137d3     0x15e0 ./Drivers/STM32H5xx_HAL_Driver/Src/stm32h5xx_hal_cortex.o
 .debug_info    0x00014db3      0x7ca ./Drivers/STM32H5xx_HAL_Driver/Src/stm32h5xx_hal_exti.o
 .debug_info    0x0001557d      0x6b6 ./Drivers/STM32H5xx_HAL_Driver/Src/stm32h5xx_hal_gpio.o
 .debug_info    0x00015c33     0x1560 ./Drivers/STM32H5xx_HAL_Driver/Src/stm32h5xx_hal_pcd.o
 .debug_info    0x00017193      0x7eb ./Drivers/STM32H5xx_HAL_Driver/Src/stm32h5xx_hal_pcd_ex.o
 .debug_info    0x0001797e      0x928 ./Drivers/STM32H5xx_HAL_Driver/Src/stm32h5xx_hal_pwr_ex.o
 .debug_info    0x000182a6     0x1009 ./Drivers/STM32H5xx_HAL_Driver/Src/stm32h5xx_hal_rcc.o
 .debug_info    0x000192af     0x1204 ./Drivers/STM32H5xx_HAL_Driver/Src/stm32h5xx_hal_rcc_ex.o
 .debug_info    0x0001a4b3     0x15c9 ./Drivers/STM32H5xx_HAL_Driver/Src/stm32h5xx_hal_spi.o
 .debug_info    0x0001ba7c     0x1a08 ./Drivers/STM32H5xx_HAL_Driver/Src/stm32h5xx_ll_usb.o

.debug_abbrev   0x00000000     0x42ea
 .debug_abbrev  0x00000000      0x3ef ./Core/Middlewares/TinyUSB/src/class/midi/midi_device.o
 .debug_abbrev  0x000003ef      0x356 ./Core/Middlewares/TinyUSB/src/common/tusb_fifo.o
 .debug_abbrev  0x00000745      0x58b ./Core/Middlewares/TinyUSB/src/device/usbd.o
 .debug_abbrev  0x00000cd0      0x30c ./Core/Middlewares/TinyUSB/src/device/usbd_control.o
 .debug_abbrev  0x00000fdc      0x606 ./Core/Middlewares/TinyUSB/src/portable/st/stm32_fsdev/dcd_stm32_fsdev.o
 .debug_abbrev  0x000015e2      0x230 ./Core/Middlewares/TinyUSB/src/portable/st/stm32_fsdev/fsdev_common.o
 .debug_abbrev  0x00001812      0x3b9 ./Core/Middlewares/TinyUSB/src/tusb.o
 .debug_abbrev  0x00001bcb      0x392 ./Core/Src/main.o
 .debug_abbrev  0x00001f5d      0x243 ./Core/Src/stm32h5xx_hal_msp.o
 .debug_abbrev  0x000021a0       0xd1 ./Core/Src/stm32h5xx_it.o
 .debug_abbrev  0x00002271      0x13a ./Core/Src/system_stm32h5xx.o
 .debug_abbrev  0x000023ab      0x15f ./Core/Src/usb_descriptors.o
 .debug_abbrev  0x0000250a       0x24 ./Core/Startup/startup_stm32h533retx.o
 .debug_abbrev  0x0000252e      0x330 ./Drivers/BSP/STM32H5xx_Nucleo/stm32h5xx_nucleo.o
 .debug_abbrev  0x0000285e      0x2af ./Drivers/STM32H5xx_HAL_Driver/Src/stm32h5xx_hal.o
 .debug_abbrev  0x00002b0d      0x311 ./Drivers/STM32H5xx_HAL_Driver/Src/stm32h5xx_hal_cortex.o
 .debug_abbrev  0x00002e1e      0x198 ./Drivers/STM32H5xx_HAL_Driver/Src/stm32h5xx_hal_exti.o
 .debug_abbrev  0x00002fb6      0x1db ./Drivers/STM32H5xx_HAL_Driver/Src/stm32h5xx_hal_gpio.o
 .debug_abbrev  0x00003191      0x302 ./Drivers/STM32H5xx_HAL_Driver/Src/stm32h5xx_hal_pcd.o
 .debug_abbrev  0x00003493      0x1e8 ./Drivers/STM32H5xx_HAL_Driver/Src/stm32h5xx_hal_pcd_ex.o
 .debug_abbrev  0x0000367b      0x299 ./Drivers/STM32H5xx_HAL_Driver/Src/stm32h5xx_hal_pwr_ex.o
 .debug_abbrev  0x00003914      0x290 ./Drivers/STM32H5xx_HAL_Driver/Src/stm32h5xx_hal_rcc.o
 .debug_abbrev  0x00003ba4      0x25c ./Drivers/STM32H5xx_HAL_Driver/Src/stm32h5xx_hal_rcc_ex.o
 .debug_abbrev  0x00003e00      0x2b3 ./Drivers/STM32H5xx_HAL_Driver/Src/stm32h5xx_hal_spi.o
 .debug_abbrev  0x000040b3      0x237 ./Drivers/STM32H5xx_HAL_Driver/Src/stm32h5xx_ll_usb.o

.debug_aranges  0x00000000     0x13b8
 .debug_aranges
                0x00000000       0x90 ./Core/Middlewares/TinyUSB/src/class/midi/midi_device.o
 .debug_aranges
                0x00000090       0xe0 ./Core/Middlewares/TinyUSB/src/common/tusb_fifo.o
 .debug_aranges
                0x00000170      0x1e8 ./Core/Middlewares/TinyUSB/src/device/usbd.o
 .debug_aranges
                0x00000358       0x60 ./Core/Middlewares/TinyUSB/src/device/usbd_control.o
 .debug_aranges
                0x000003b8      0x108 ./Core/Middlewares/TinyUSB/src/portable/st/stm32_fsdev/dcd_stm32_fsdev.o
 .debug_aranges
                0x000004c0       0x38 ./Core/Middlewares/TinyUSB/src/portable/st/stm32_fsdev/fsdev_common.o
 .debug_aranges
                0x000004f8       0xd0 ./Core/Middlewares/TinyUSB/src/tusb.o
 .debug_aranges
                0x000005c8       0x68 ./Core/Src/main.o
 .debug_aranges
                0x00000630       0x40 ./Core/Src/stm32h5xx_hal_msp.o
 .debug_aranges
                0x00000670       0x70 ./Core/Src/stm32h5xx_it.o
 .debug_aranges
                0x000006e0       0x28 ./Core/Src/system_stm32h5xx.o
 .debug_aranges
                0x00000708       0x30 ./Core/Src/usb_descriptors.o
 .debug_aranges
                0x00000738       0x28 ./Core/Startup/startup_stm32h533retx.o
 .debug_aranges
                0x00000760       0xc8 ./Drivers/BSP/STM32H5xx_Nucleo/stm32h5xx_nucleo.o
 .debug_aranges
                0x00000828      0x1f8 ./Drivers/STM32H5xx_HAL_Driver/Src/stm32h5xx_hal.o
 .debug_aranges
                0x00000a20      0x140 ./Drivers/STM32H5xx_HAL_Driver/Src/stm32h5xx_hal_cortex.o
 .debug_aranges
                0x00000b60       0x70 ./Drivers/STM32H5xx_HAL_Driver/Src/stm32h5xx_hal_exti.o
 .debug_aranges
                0x00000bd0       0x78 ./Drivers/STM32H5xx_HAL_Driver/Src/stm32h5xx_hal_gpio.o
 .debug_aranges
                0x00000c48      0x150 ./Drivers/STM32H5xx_HAL_Driver/Src/stm32h5xx_hal_pcd.o
 .debug_aranges
                0x00000d98       0x58 ./Drivers/STM32H5xx_HAL_Driver/Src/stm32h5xx_hal_pcd_ex.o
 .debug_aranges
                0x00000df0      0x148 ./Drivers/STM32H5xx_HAL_Driver/Src/stm32h5xx_hal_pwr_ex.o
 .debug_aranges
                0x00000f38       0xa0 ./Drivers/STM32H5xx_HAL_Driver/Src/stm32h5xx_hal_rcc.o
 .debug_aranges
                0x00000fd8      0x108 ./Drivers/STM32H5xx_HAL_Driver/Src/stm32h5xx_hal_rcc_ex.o
 .debug_aranges
                0x000010e0      0x1a8 ./Drivers/STM32H5xx_HAL_Driver/Src/stm32h5xx_hal_spi.o
 .debug_aranges
                0x00001288      0x130 ./Drivers/STM32H5xx_HAL_Driver/Src/stm32h5xx_ll_usb.o

.debug_rnglists
                0x00000000      0xf79
 .debug_rnglists
                0x00000000       0x7e ./Core/Middlewares/TinyUSB/src/class/midi/midi_device.o
 .debug_rnglists
                0x0000007e       0xae ./Core/Middlewares/TinyUSB/src/common/tusb_fifo.o
 .debug_rnglists
                0x0000012c      0x1fb ./Core/Middlewares/TinyUSB/src/device/usbd.o
 .debug_rnglists
                0x00000327       0x46 ./Core/Middlewares/TinyUSB/src/device/usbd_control.o
 .debug_rnglists
                0x0000036d       0xde ./Core/Middlewares/TinyUSB/src/portable/st/stm32_fsdev/dcd_stm32_fsdev.o
 .debug_rnglists
                0x0000044b       0x26 ./Core/Middlewares/TinyUSB/src/portable/st/stm32_fsdev/fsdev_common.o
 .debug_rnglists
                0x00000471       0x9d ./Core/Middlewares/TinyUSB/src/tusb.o
 .debug_rnglists
                0x0000050e       0x4e ./Core/Src/main.o
 .debug_rnglists
                0x0000055c       0x2c ./Core/Src/stm32h5xx_hal_msp.o
 .debug_rnglists
                0x00000588       0x4f ./Core/Src/stm32h5xx_it.o
 .debug_rnglists
                0x000005d7       0x1b ./Core/Src/system_stm32h5xx.o
 .debug_rnglists
                0x000005f2       0x20 ./Core/Src/usb_descriptors.o
 .debug_rnglists
                0x00000612       0x19 ./Core/Startup/startup_stm32h533retx.o
 .debug_rnglists
                0x0000062b       0x94 ./Drivers/BSP/STM32H5xx_Nucleo/stm32h5xx_nucleo.o
 .debug_rnglists
                0x000006bf      0x177 ./Drivers/STM32H5xx_HAL_Driver/Src/stm32h5xx_hal.o
 .debug_rnglists
                0x00000836       0xec ./Drivers/STM32H5xx_HAL_Driver/Src/stm32h5xx_hal_cortex.o
 .debug_rnglists
                0x00000922       0x53 ./Drivers/STM32H5xx_HAL_Driver/Src/stm32h5xx_hal_exti.o
 .debug_rnglists
                0x00000975       0x57 ./Drivers/STM32H5xx_HAL_Driver/Src/stm32h5xx_hal_gpio.o
 .debug_rnglists
                0x000009cc      0x100 ./Drivers/STM32H5xx_HAL_Driver/Src/stm32h5xx_hal_pcd.o
 .debug_rnglists
                0x00000acc       0x3f ./Drivers/STM32H5xx_HAL_Driver/Src/stm32h5xx_hal_pcd_ex.o
 .debug_rnglists
                0x00000b0b       0xf3 ./Drivers/STM32H5xx_HAL_Driver/Src/stm32h5xx_hal_pwr_ex.o
 .debug_rnglists
                0x00000bfe       0x79 ./Drivers/STM32H5xx_HAL_Driver/Src/stm32h5xx_hal_rcc.o
 .debug_rnglists
                0x00000c77       0xcf ./Drivers/STM32H5xx_HAL_Driver/Src/stm32h5xx_hal_rcc_ex.o
 .debug_rnglists
                0x00000d46      0x148 ./Drivers/STM32H5xx_HAL_Driver/Src/stm32h5xx_hal_spi.o
 .debug_rnglists
                0x00000e8e       0xeb ./Drivers/STM32H5xx_HAL_Driver/Src/stm32h5xx_ll_usb.o

.debug_macro    0x00000000    0x2d7b0
 .debug_macro   0x00000000      0x22c ./Core/Middlewares/TinyUSB/src/class/midi/midi_device.o
 .debug_macro   0x0000022c       0xa0 ./Core/Middlewares/TinyUSB/src/class/midi/midi_device.o
 .debug_macro   0x000002cc       0x22 ./Core/Middlewares/TinyUSB/src/class/midi/midi_device.o
 .debug_macro   0x000002ee       0x61 ./Core/Middlewares/TinyUSB/src/class/midi/midi_device.o
 .debug_macro   0x0000034f       0x2a ./Core/Middlewares/TinyUSB/src/class/midi/midi_device.o
 .debug_macro   0x00000379       0x43 ./Core/Middlewares/TinyUSB/src/class/midi/midi_device.o
 .debug_macro   0x000003bc       0x3a ./Core/Middlewares/TinyUSB/src/class/midi/midi_device.o
 .debug_macro   0x000003f6       0x89 ./Core/Middlewares/TinyUSB/src/class/midi/midi_device.o
 .debug_macro   0x0000047f      0x460 ./Core/Middlewares/TinyUSB/src/class/midi/midi_device.o
 .debug_macro   0x000008df      0x119 ./Core/Middlewares/TinyUSB/src/class/midi/midi_device.o
 .debug_macro   0x000009f8      0x370 ./Core/Middlewares/TinyUSB/src/class/midi/midi_device.o
 .debug_macro   0x00000d68       0x16 ./Core/Middlewares/TinyUSB/src/class/midi/midi_device.o
 .debug_macro   0x00000d7e       0x4a ./Core/Middlewares/TinyUSB/src/class/midi/midi_device.o
 .debug_macro   0x00000dc8       0x34 ./Core/Middlewares/TinyUSB/src/class/midi/midi_device.o
 .debug_macro   0x00000dfc       0x10 ./Core/Middlewares/TinyUSB/src/class/midi/midi_device.o
 .debug_macro   0x00000e0c       0x58 ./Core/Middlewares/TinyUSB/src/class/midi/midi_device.o
 .debug_macro   0x00000e64       0x8e ./Core/Middlewares/TinyUSB/src/class/midi/midi_device.o
 .debug_macro   0x00000ef2       0x1c ./Core/Middlewares/TinyUSB/src/class/midi/midi_device.o
 .debug_macro   0x00000f0e      0x185 ./Core/Middlewares/TinyUSB/src/class/midi/midi_device.o
 .debug_macro   0x00001093       0x10 ./Core/Middlewares/TinyUSB/src/class/midi/midi_device.o
 .debug_macro   0x000010a3       0x3c ./Core/Middlewares/TinyUSB/src/class/midi/midi_device.o
 .debug_macro   0x000010df       0x20 ./Core/Middlewares/TinyUSB/src/class/midi/midi_device.o
 .debug_macro   0x000010ff       0x48 ./Core/Middlewares/TinyUSB/src/class/midi/midi_device.o
 .debug_macro   0x00001147       0x3c ./Core/Middlewares/TinyUSB/src/class/midi/midi_device.o
 .debug_macro   0x00001183       0xc7 ./Core/Middlewares/TinyUSB/src/class/midi/midi_device.o
 .debug_macro   0x0000124a       0x10 ./Core/Middlewares/TinyUSB/src/class/midi/midi_device.o
 .debug_macro   0x0000125a      0x44d ./Core/Middlewares/TinyUSB/src/class/midi/midi_device.o
 .debug_macro   0x000016a7       0x2e ./Core/Middlewares/TinyUSB/src/class/midi/midi_device.o
 .debug_macro   0x000016d5       0x25 ./Core/Middlewares/TinyUSB/src/class/midi/midi_device.o
 .debug_macro   0x000016fa       0x25 ./Core/Middlewares/TinyUSB/src/class/midi/midi_device.o
 .debug_macro   0x0000171f       0x10 ./Core/Middlewares/TinyUSB/src/class/midi/midi_device.o
 .debug_macro   0x0000172f       0x6c ./Core/Middlewares/TinyUSB/src/class/midi/midi_device.o
 .debug_macro   0x0000179b       0x1f ./Core/Middlewares/TinyUSB/src/class/midi/midi_device.o
 .debug_macro   0x000017ba      0x204 ./Core/Middlewares/TinyUSB/src/common/tusb_fifo.o
 .debug_macro   0x000019be       0x28 ./Core/Middlewares/TinyUSB/src/common/tusb_fifo.o
 .debug_macro   0x000019e6      0x263 ./Core/Middlewares/TinyUSB/src/device/usbd.o
 .debug_macro   0x00001c49      0x453 ./Core/Middlewares/TinyUSB/src/device/usbd.o
 .debug_macro   0x0000209c       0x20 ./Core/Middlewares/TinyUSB/src/device/usbd.o
 .debug_macro   0x000020bc       0x10 ./Core/Middlewares/TinyUSB/src/device/usbd.o
 .debug_macro   0x000020cc      0x24b ./Core/Middlewares/TinyUSB/src/device/usbd_control.o
 .debug_macro   0x00002317      0x3a2 ./Core/Middlewares/TinyUSB/src/portable/st/stm32_fsdev/dcd_stm32_fsdev.o
 .debug_macro   0x000026b9      0x19b ./Core/Middlewares/TinyUSB/src/portable/st/stm32_fsdev/dcd_stm32_fsdev.o
 .debug_macro   0x00002854       0x28 ./Core/Middlewares/TinyUSB/src/portable/st/stm32_fsdev/dcd_stm32_fsdev.o
 .debug_macro   0x0000287c       0x42 ./Core/Middlewares/TinyUSB/src/portable/st/stm32_fsdev/dcd_stm32_fsdev.o
 .debug_macro   0x000028be       0x1c ./Core/Middlewares/TinyUSB/src/portable/st/stm32_fsdev/dcd_stm32_fsdev.o
 .debug_macro   0x000028da       0x29 ./Core/Middlewares/TinyUSB/src/portable/st/stm32_fsdev/dcd_stm32_fsdev.o
 .debug_macro   0x00002903       0xfb ./Core/Middlewares/TinyUSB/src/portable/st/stm32_fsdev/dcd_stm32_fsdev.o
 .debug_macro   0x000029fe     0x1685 ./Core/Middlewares/TinyUSB/src/portable/st/stm32_fsdev/dcd_stm32_fsdev.o
 .debug_macro   0x00004083       0x5e ./Core/Middlewares/TinyUSB/src/portable/st/stm32_fsdev/dcd_stm32_fsdev.o
 .debug_macro   0x000040e1    0x1c054 ./Core/Middlewares/TinyUSB/src/portable/st/stm32_fsdev/dcd_stm32_fsdev.o
 .debug_macro   0x00020135       0x6d ./Core/Middlewares/TinyUSB/src/portable/st/stm32_fsdev/dcd_stm32_fsdev.o
 .debug_macro   0x000201a2      0x1bb ./Core/Middlewares/TinyUSB/src/portable/st/stm32_fsdev/dcd_stm32_fsdev.o
 .debug_macro   0x0002035d     0x388a ./Core/Middlewares/TinyUSB/src/portable/st/stm32_fsdev/dcd_stm32_fsdev.o
 .debug_macro   0x00023be7       0x63 ./Core/Middlewares/TinyUSB/src/portable/st/stm32_fsdev/dcd_stm32_fsdev.o
 .debug_macro   0x00023c4a     0x1a59 ./Core/Middlewares/TinyUSB/src/portable/st/stm32_fsdev/dcd_stm32_fsdev.o
 .debug_macro   0x000256a3      0xa9f ./Core/Middlewares/TinyUSB/src/portable/st/stm32_fsdev/dcd_stm32_fsdev.o
 .debug_macro   0x00026142      0x166 ./Core/Middlewares/TinyUSB/src/portable/st/stm32_fsdev/dcd_stm32_fsdev.o
 .debug_macro   0x000262a8      0x262 ./Core/Middlewares/TinyUSB/src/portable/st/stm32_fsdev/dcd_stm32_fsdev.o
 .debug_macro   0x0002650a      0x765 ./Core/Middlewares/TinyUSB/src/portable/st/stm32_fsdev/dcd_stm32_fsdev.o
 .debug_macro   0x00026c6f      0x424 ./Core/Middlewares/TinyUSB/src/portable/st/stm32_fsdev/dcd_stm32_fsdev.o
 .debug_macro   0x00027093       0xd6 ./Core/Middlewares/TinyUSB/src/portable/st/stm32_fsdev/dcd_stm32_fsdev.o
 .debug_macro   0x00027169      0x1cd ./Core/Middlewares/TinyUSB/src/portable/st/stm32_fsdev/dcd_stm32_fsdev.o
 .debug_macro   0x00027336      0x2bb ./Core/Middlewares/TinyUSB/src/portable/st/stm32_fsdev/dcd_stm32_fsdev.o
 .debug_macro   0x000275f1      0x57b ./Core/Middlewares/TinyUSB/src/portable/st/stm32_fsdev/dcd_stm32_fsdev.o
 .debug_macro   0x00027b6c       0x7b ./Core/Middlewares/TinyUSB/src/portable/st/stm32_fsdev/dcd_stm32_fsdev.o
 .debug_macro   0x00027be7      0x313 ./Core/Middlewares/TinyUSB/src/portable/st/stm32_fsdev/dcd_stm32_fsdev.o
 .debug_macro   0x00027efa      0x1bb ./Core/Middlewares/TinyUSB/src/portable/st/stm32_fsdev/dcd_stm32_fsdev.o
 .debug_macro   0x000280b5      0x5cf ./Core/Middlewares/TinyUSB/src/portable/st/stm32_fsdev/dcd_stm32_fsdev.o
 .debug_macro   0x00028684       0xeb ./Core/Middlewares/TinyUSB/src/portable/st/stm32_fsdev/dcd_stm32_fsdev.o
 .debug_macro   0x0002876f      0x693 ./Core/Middlewares/TinyUSB/src/portable/st/stm32_fsdev/dcd_stm32_fsdev.o
 .debug_macro   0x00028e02       0xa6 ./Core/Middlewares/TinyUSB/src/portable/st/stm32_fsdev/dcd_stm32_fsdev.o
 .debug_macro   0x00028ea8      0x23f ./Core/Middlewares/TinyUSB/src/portable/st/stm32_fsdev/dcd_stm32_fsdev.o
 .debug_macro   0x000290e7      0x177 ./Core/Middlewares/TinyUSB/src/portable/st/stm32_fsdev/dcd_stm32_fsdev.o
 .debug_macro   0x0002925e      0x253 ./Core/Middlewares/TinyUSB/src/portable/st/stm32_fsdev/dcd_stm32_fsdev.o
 .debug_macro   0x000294b1      0x469 ./Core/Middlewares/TinyUSB/src/portable/st/stm32_fsdev/dcd_stm32_fsdev.o
 .debug_macro   0x0002991a       0xba ./Core/Middlewares/TinyUSB/src/portable/st/stm32_fsdev/dcd_stm32_fsdev.o
 .debug_macro   0x000299d4       0x75 ./Core/Middlewares/TinyUSB/src/portable/st/stm32_fsdev/dcd_stm32_fsdev.o
 .debug_macro   0x00029a49      0x3a2 ./Core/Middlewares/TinyUSB/src/portable/st/stm32_fsdev/fsdev_common.o
 .debug_macro   0x00029deb      0x247 ./Core/Middlewares/TinyUSB/src/tusb.o
 .debug_macro   0x0002a032      0x44e ./Core/Src/main.o
 .debug_macro   0x0002a480       0x5b ./Core/Src/main.o
 .debug_macro   0x0002a4db       0x94 ./Core/Src/main.o
 .debug_macro   0x0002a56f       0x34 ./Core/Src/main.o
 .debug_macro   0x0002a5a3      0x190 ./Core/Src/main.o
 .debug_macro   0x0002a733       0x57 ./Core/Src/main.o
 .debug_macro   0x0002a78a       0x22 ./Core/Src/main.o
 .debug_macro   0x0002a7ac       0x52 ./Core/Src/main.o
 .debug_macro   0x0002a7fe       0x1c ./Core/Src/main.o
 .debug_macro   0x0002a81a       0x10 ./Core/Src/main.o
 .debug_macro   0x0002a82a       0x1c ./Core/Src/main.o
 .debug_macro   0x0002a846       0x16 ./Core/Src/main.o
 .debug_macro   0x0002a85c      0x146 ./Core/Src/main.o
 .debug_macro   0x0002a9a2       0xf8 ./Core/Src/main.o
 .debug_macro   0x0002aa9a       0x40 ./Core/Src/main.o
 .debug_macro   0x0002aada       0x10 ./Core/Src/main.o
 .debug_macro   0x0002aaea       0x16 ./Core/Src/main.o
 .debug_macro   0x0002ab00      0x2fb ./Core/Src/stm32h5xx_hal_msp.o
 .debug_macro   0x0002adfb      0x428 ./Core/Src/stm32h5xx_it.o
 .debug_macro   0x0002b223      0x29e ./Core/Src/system_stm32h5xx.o
 .debug_macro   0x0002b4c1      0x248 ./Core/Src/usb_descriptors.o
 .debug_macro   0x0002b709      0x2f8 ./Drivers/BSP/STM32H5xx_Nucleo/stm32h5xx_nucleo.o
 .debug_macro   0x0002ba01       0x1c ./Drivers/BSP/STM32H5xx_Nucleo/stm32h5xx_nucleo.o
 .debug_macro   0x0002ba1d      0x2cd ./Drivers/STM32H5xx_HAL_Driver/Src/stm32h5xx_hal.o
 .debug_macro   0x0002bcea      0x297 ./Drivers/STM32H5xx_HAL_Driver/Src/stm32h5xx_hal_cortex.o
 .debug_macro   0x0002bf81      0x2af ./Drivers/STM32H5xx_HAL_Driver/Src/stm32h5xx_hal_exti.o
 .debug_macro   0x0002c230      0x2cd ./Drivers/STM32H5xx_HAL_Driver/Src/stm32h5xx_hal_gpio.o
 .debug_macro   0x0002c4fd      0x2a3 ./Drivers/STM32H5xx_HAL_Driver/Src/stm32h5xx_hal_pcd.o
 .debug_macro   0x0002c7a0      0x297 ./Drivers/STM32H5xx_HAL_Driver/Src/stm32h5xx_hal_pcd_ex.o
 .debug_macro   0x0002ca37      0x2c1 ./Drivers/STM32H5xx_HAL_Driver/Src/stm32h5xx_hal_pwr_ex.o
 .debug_macro   0x0002ccf8      0x2d9 ./Drivers/STM32H5xx_HAL_Driver/Src/stm32h5xx_hal_rcc.o
 .debug_macro   0x0002cfd1      0x2a9 ./Drivers/STM32H5xx_HAL_Driver/Src/stm32h5xx_hal_rcc_ex.o
 .debug_macro   0x0002d27a      0x29f ./Drivers/STM32H5xx_HAL_Driver/Src/stm32h5xx_hal_spi.o
 .debug_macro   0x0002d519      0x297 ./Drivers/STM32H5xx_HAL_Driver/Src/stm32h5xx_ll_usb.o

.debug_line     0x00000000    0x1a996
 .debug_line    0x00000000     0x10d4 ./Core/Middlewares/TinyUSB/src/class/midi/midi_device.o
 .debug_line    0x000010d4      0xff7 ./Core/Middlewares/TinyUSB/src/common/tusb_fifo.o
 .debug_line    0x000020cb     0x1dd8 ./Core/Middlewares/TinyUSB/src/device/usbd.o
 .debug_line    0x00003ea3      0xb04 ./Core/Middlewares/TinyUSB/src/device/usbd_control.o
 .debug_line    0x000049a7     0x21ae ./Core/Middlewares/TinyUSB/src/portable/st/stm32_fsdev/dcd_stm32_fsdev.o
 .debug_line    0x00006b55      0xc35 ./Core/Middlewares/TinyUSB/src/portable/st/stm32_fsdev/fsdev_common.o
 .debug_line    0x0000778a      0xffc ./Core/Middlewares/TinyUSB/src/tusb.o
 .debug_line    0x00008786      0xf4d ./Core/Src/main.o
 .debug_line    0x000096d3      0xa02 ./Core/Src/stm32h5xx_hal_msp.o
 .debug_line    0x0000a0d5      0xd19 ./Core/Src/stm32h5xx_it.o
 .debug_line    0x0000adee      0xa45 ./Core/Src/system_stm32h5xx.o
 .debug_line    0x0000b833      0x8c6 ./Core/Src/usb_descriptors.o
 .debug_line    0x0000c0f9       0x7b ./Core/Startup/startup_stm32h533retx.o
 .debug_line    0x0000c174      0xcbb ./Drivers/BSP/STM32H5xx_Nucleo/stm32h5xx_nucleo.o
 .debug_line    0x0000ce2f      0xfcd ./Drivers/STM32H5xx_HAL_Driver/Src/stm32h5xx_hal.o
 .debug_line    0x0000ddfc      0xf14 ./Drivers/STM32H5xx_HAL_Driver/Src/stm32h5xx_hal_cortex.o
 .debug_line    0x0000ed10      0xd09 ./Drivers/STM32H5xx_HAL_Driver/Src/stm32h5xx_hal_exti.o
 .debug_line    0x0000fa19      0xcce ./Drivers/STM32H5xx_HAL_Driver/Src/stm32h5xx_hal_gpio.o
 .debug_line    0x000106e7     0x1587 ./Drivers/STM32H5xx_HAL_Driver/Src/stm32h5xx_hal_pcd.o
 .debug_line    0x00011c6e      0xa5f ./Drivers/STM32H5xx_HAL_Driver/Src/stm32h5xx_hal_pcd_ex.o
 .debug_line    0x000126cd      0xdef ./Drivers/STM32H5xx_HAL_Driver/Src/stm32h5xx_hal_pwr_ex.o
 .debug_line    0x000134bc     0x145d ./Drivers/STM32H5xx_HAL_Driver/Src/stm32h5xx_hal_rcc.o
 .debug_line    0x00014919     0x2468 ./Drivers/STM32H5xx_HAL_Driver/Src/stm32h5xx_hal_rcc_ex.o
 .debug_line    0x00016d81     0x2561 ./Drivers/STM32H5xx_HAL_Driver/Src/stm32h5xx_hal_spi.o
 .debug_line    0x000192e2     0x16b4 ./Drivers/STM32H5xx_HAL_Driver/Src/stm32h5xx_ll_usb.o

.debug_str      0x00000000   0x123230
 .debug_str     0x00000000   0x123230 ./Core/Middlewares/TinyUSB/src/class/midi/midi_device.o
                              0x16900 (size before relaxing)
 .debug_str     0x00123230     0xca1b ./Core/Middlewares/TinyUSB/src/common/tusb_fifo.o
 .debug_str     0x00123230    0x170d3 ./Core/Middlewares/TinyUSB/src/device/usbd.o
 .debug_str     0x00123230    0x15d5d ./Core/Middlewares/TinyUSB/src/device/usbd_control.o
 .debug_str     0x00123230   0x111de3 ./Core/Middlewares/TinyUSB/src/portable/st/stm32_fsdev/dcd_stm32_fsdev.o
 .debug_str     0x00123230   0x111086 ./Core/Middlewares/TinyUSB/src/portable/st/stm32_fsdev/fsdev_common.o
 .debug_str     0x00123230    0x163a5 ./Core/Middlewares/TinyUSB/src/tusb.o
 .debug_str     0x00123230   0x11bd0d ./Core/Src/main.o
 .debug_str     0x00123230   0x10cf59 ./Core/Src/stm32h5xx_hal_msp.o
 .debug_str     0x00123230   0x11a5e8 ./Core/Src/stm32h5xx_it.o
 .debug_str     0x00123230   0x10b610 ./Core/Src/system_stm32h5xx.o
 .debug_str     0x00123230    0x1630d ./Core/Src/usb_descriptors.o
 .debug_str     0x00123230       0x6f ./Core/Startup/startup_stm32h533retx.o
 .debug_str     0x00123230   0x10d2c9 ./Drivers/BSP/STM32H5xx_Nucleo/stm32h5xx_nucleo.o
 .debug_str     0x00123230   0x10c3be ./Drivers/STM32H5xx_HAL_Driver/Src/stm32h5xx_hal.o
 .debug_str     0x00123230   0x10bf79 ./Drivers/STM32H5xx_HAL_Driver/Src/stm32h5xx_hal_cortex.o
 .debug_str     0x00123230   0x10b3b4 ./Drivers/STM32H5xx_HAL_Driver/Src/stm32h5xx_hal_exti.o
 .debug_str     0x00123230   0x10b3e7 ./Drivers/STM32H5xx_HAL_Driver/Src/stm32h5xx_hal_gpio.o
 .debug_str     0x00123230   0x10ba62 ./Drivers/STM32H5xx_HAL_Driver/Src/stm32h5xx_hal_pcd.o
 .debug_str     0x00123230   0x10b5ea ./Drivers/STM32H5xx_HAL_Driver/Src/stm32h5xx_hal_pcd_ex.o
 .debug_str     0x00123230   0x10b7cc ./Drivers/STM32H5xx_HAL_Driver/Src/stm32h5xx_hal_pwr_ex.o
 .debug_str     0x00123230   0x10bb55 ./Drivers/STM32H5xx_HAL_Driver/Src/stm32h5xx_hal_rcc.o
 .debug_str     0x00123230   0x10bddf ./Drivers/STM32H5xx_HAL_Driver/Src/stm32h5xx_hal_rcc_ex.o
 .debug_str     0x00123230   0x10bced ./Drivers/STM32H5xx_HAL_Driver/Src/stm32h5xx_hal_spi.o
 .debug_str     0x00123230   0x10b7c2 ./Drivers/STM32H5xx_HAL_Driver/Src/stm32h5xx_ll_usb.o

.comment        0x00000000       0x43
 .comment       0x00000000       0x43 ./Core/Middlewares/TinyUSB/src/class/midi/midi_device.o
                                 0x44 (size before relaxing)
 .comment       0x00000043       0x44 ./Core/Middlewares/TinyUSB/src/common/tusb_fifo.o
 .comment       0x00000043       0x44 ./Core/Middlewares/TinyUSB/src/device/usbd.o
 .comment       0x00000043       0x44 ./Core/Middlewares/TinyUSB/src/device/usbd_control.o
 .comment       0x00000043       0x44 ./Core/Middlewares/TinyUSB/src/portable/st/stm32_fsdev/dcd_stm32_fsdev.o
 .comment       0x00000043       0x44 ./Core/Middlewares/TinyUSB/src/portable/st/stm32_fsdev/fsdev_common.o
 .comment       0x00000043       0x44 ./Core/Middlewares/TinyUSB/src/tusb.o
 .comment       0x00000043       0x44 ./Core/Src/main.o
 .comment       0x00000043       0x44 ./Core/Src/stm32h5xx_hal_msp.o
 .comment       0x00000043       0x44 ./Core/Src/stm32h5xx_it.o
 .comment       0x00000043       0x44 ./Core/Src/system_stm32h5xx.o
 .comment       0x00000043       0x44 ./Core/Src/usb_descriptors.o
 .comment       0x00000043       0x44 ./Drivers/BSP/STM32H5xx_Nucleo/stm32h5xx_nucleo.o
 .comment       0x00000043       0x44 ./Drivers/STM32H5xx_HAL_Driver/Src/stm32h5xx_hal.o
 .comment       0x00000043       0x44 ./Drivers/STM32H5xx_HAL_Driver/Src/stm32h5xx_hal_cortex.o
 .comment       0x00000043       0x44 ./Drivers/STM32H5xx_HAL_Driver/Src/stm32h5xx_hal_exti.o
 .comment       0x00000043       0x44 ./Drivers/STM32H5xx_HAL_Driver/Src/stm32h5xx_hal_gpio.o
 .comment       0x00000043       0x44 ./Drivers/STM32H5xx_HAL_Driver/Src/stm32h5xx_hal_pcd.o
 .comment       0x00000043       0x44 ./Drivers/STM32H5xx_HAL_Driver/Src/stm32h5xx_hal_pcd_ex.o
 .comment       0x00000043       0x44 ./Drivers/STM32H5xx_HAL_Driver/Src/stm32h5xx_hal_pwr_ex.o
 .comment       0x00000043       0x44 ./Drivers/STM32H5xx_HAL_Driver/Src/stm32h5xx_hal_rcc.o
 .comment       0x00000043       0x44 ./Drivers/STM32H5xx_HAL_Driver/Src/stm32h5xx_hal_rcc_ex.o
 .comment       0x00000043       0x44 ./Drivers/STM32H5xx_HAL_Driver/Src/stm32h5xx_hal_spi.o
 .comment       0x00000043       0x44 ./Drivers/STM32H5xx_HAL_Driver/Src/stm32h5xx_ll_usb.o

.debug_frame    0x00000000     0x5164
 .debug_frame   0x00000000      0x248 ./Core/Middlewares/TinyUSB/src/class/midi/midi_device.o
 .debug_frame   0x00000248      0x3b4 ./Core/Middlewares/TinyUSB/src/common/tusb_fifo.o
 .debug_frame   0x000005fc      0x854 ./Core/Middlewares/TinyUSB/src/device/usbd.o
 .debug_frame   0x00000e50      0x15c ./Core/Middlewares/TinyUSB/src/device/usbd_control.o
 .debug_frame   0x00000fac      0x474 ./Core/Middlewares/TinyUSB/src/portable/st/stm32_fsdev/dcd_stm32_fsdev.o
 .debug_frame   0x00001420       0xac ./Core/Middlewares/TinyUSB/src/portable/st/stm32_fsdev/fsdev_common.o
 .debug_frame   0x000014cc      0x374 ./Core/Middlewares/TinyUSB/src/tusb.o
 .debug_frame   0x00001840      0x158 ./Core/Src/main.o
 .debug_frame   0x00001998       0xc8 ./Core/Src/stm32h5xx_hal_msp.o
 .debug_frame   0x00001a60      0x13c ./Core/Src/stm32h5xx_it.o
 .debug_frame   0x00001b9c       0x60 ./Core/Src/system_stm32h5xx.o
 .debug_frame   0x00001bfc       0x7c ./Core/Src/usb_descriptors.o
 .debug_frame   0x00001c78      0x31c ./Drivers/BSP/STM32H5xx_Nucleo/stm32h5xx_nucleo.o
 .debug_frame   0x00001f94      0x800 ./Drivers/STM32H5xx_HAL_Driver/Src/stm32h5xx_hal.o
 .debug_frame   0x00002794      0x560 ./Drivers/STM32H5xx_HAL_Driver/Src/stm32h5xx_hal_cortex.o
 .debug_frame   0x00002cf4      0x1c4 ./Drivers/STM32H5xx_HAL_Driver/Src/stm32h5xx_hal_exti.o
 .debug_frame   0x00002eb8      0x1ec ./Drivers/STM32H5xx_HAL_Driver/Src/stm32h5xx_hal_gpio.o
 .debug_frame   0x000030a4      0x5e0 ./Drivers/STM32H5xx_HAL_Driver/Src/stm32h5xx_hal_pcd.o
 .debug_frame   0x00003684      0x14c ./Drivers/STM32H5xx_HAL_Driver/Src/stm32h5xx_hal_pcd_ex.o
 .debug_frame   0x000037d0      0x50c ./Drivers/STM32H5xx_HAL_Driver/Src/stm32h5xx_hal_pwr_ex.o
 .debug_frame   0x00003cdc      0x268 ./Drivers/STM32H5xx_HAL_Driver/Src/stm32h5xx_hal_rcc.o
 .debug_frame   0x00003f44      0x470 ./Drivers/STM32H5xx_HAL_Driver/Src/stm32h5xx_hal_rcc_ex.o
 .debug_frame   0x000043b4      0x7ac ./Drivers/STM32H5xx_HAL_Driver/Src/stm32h5xx_hal_spi.o
 .debug_frame   0x00004b60      0x590 ./Drivers/STM32H5xx_HAL_Driver/Src/stm32h5xx_ll_usb.o
 .debug_frame   0x000050f0       0x20 C:/ST/STM32CubeIDE_1.18.0/STM32CubeIDE/plugins/com.st.stm32cube.ide.mcu.externaltools.gnu-tools-for-stm32.13.3.rel1.win32_1.0.0.202411081344/tools/bin/../lib/gcc/arm-none-eabi/13.3.1/../../../../arm-none-eabi/lib/thumb/v8-m.main+fp/hard\libc_nano.a(libc_a-memset.o)
 .debug_frame   0x00005110       0x2c C:/ST/STM32CubeIDE_1.18.0/STM32CubeIDE/plugins/com.st.stm32cube.ide.mcu.externaltools.gnu-tools-for-stm32.13.3.rel1.win32_1.0.0.202411081344/tools/bin/../lib/gcc/arm-none-eabi/13.3.1/../../../../arm-none-eabi/lib/thumb/v8-m.main+fp/hard\libc_nano.a(libc_a-init.o)
 .debug_frame   0x0000513c       0x28 C:/ST/STM32CubeIDE_1.18.0/STM32CubeIDE/plugins/com.st.stm32cube.ide.mcu.externaltools.gnu-tools-for-stm32.13.3.rel1.win32_1.0.0.202411081344/tools/bin/../lib/gcc/arm-none-eabi/13.3.1/../../../../arm-none-eabi/lib/thumb/v8-m.main+fp/hard\libc_nano.a(libc_a-memcpy-stub.o)

.debug_line_str
                0x00000000       0x53
 .debug_line_str
                0x00000000       0x53 ./Core/Startup/startup_stm32h533retx.o