../Drivers/CMSIS/Include/core_cm33.h:2390:22:__NVIC_EnableIRQ	16	static,ignoring_inline_asm
../Drivers/CMSIS/Include/core_cm33.h:2428:22:__NVIC_DisableIRQ	16	static,ignoring_inline_asm
../Core/Middlewares/TinyUSB/src/portable/st/stm32_fsdev/dcd_stm32_fsdev.c:173:6:dcd_init	16	static
../Core/Middlewares/TinyUSB/src/portable/st/stm32_fsdev/dcd_stm32_fsdev.c:197:6:dcd_deinit	16	static
../Core/Middlewares/TinyUSB/src/portable/st/stm32_fsdev/dcd_stm32_fsdev.c:205:6:dcd_sof_enable	16	static
../Core/Middlewares/TinyUSB/src/portable/st/stm32_fsdev/dcd_stm32_fsdev.c:216:6:dcd_set_address	24	static
../Core/Middlewares/TinyUSB/src/portable/st/stm32_fsdev/dcd_stm32_fsdev.c:226:6:dcd_remote_wakeup	16	static
../Core/Middlewares/TinyUSB/src/portable/st/stm32_fsdev/dcd_stm32_fsdev.c:233:13:handle_bus_reset	24	static
../Core/Middlewares/TinyUSB/src/portable/st/stm32_fsdev/dcd_stm32_fsdev.c:253:13:handle_ctr_tx	80	static
../Core/Middlewares/TinyUSB/src/portable/st/stm32_fsdev/dcd_stm32_fsdev.c:282:13:handle_ctr_setup	104	static,ignoring_inline_asm
../Core/Middlewares/TinyUSB/src/portable/st/stm32_fsdev/dcd_stm32_fsdev.c:304:13:handle_ctr_rx	144	static,ignoring_inline_asm
../Core/Middlewares/TinyUSB/src/portable/st/stm32_fsdev/dcd_stm32_fsdev.c:355:6:dcd_int_handler	168	static,ignoring_inline_asm
../Core/Middlewares/TinyUSB/src/portable/st/stm32_fsdev/dcd_stm32_fsdev.c:458:6:dcd_edpt0_status_complete	24	static
../Core/Middlewares/TinyUSB/src/portable/st/stm32_fsdev/dcd_stm32_fsdev.c:475:17:dcd_pma_alloc	32	static,ignoring_inline_asm
../Core/Middlewares/TinyUSB/src/portable/st/stm32_fsdev/dcd_stm32_fsdev.c:498:16:dcd_ep_alloc	32	static,ignoring_inline_asm
../Core/Middlewares/TinyUSB/src/portable/st/stm32_fsdev/dcd_stm32_fsdev.c:536:6:edpt0_open	88	static,ignoring_inline_asm
../Core/Middlewares/TinyUSB/src/portable/st/stm32_fsdev/dcd_stm32_fsdev.c:564:6:dcd_edpt_open	104	static,ignoring_inline_asm
../Core/Middlewares/TinyUSB/src/portable/st/stm32_fsdev/dcd_stm32_fsdev.c:613:6:dcd_edpt_close_all	40	static,ignoring_inline_asm
../Core/Middlewares/TinyUSB/src/portable/st/stm32_fsdev/dcd_stm32_fsdev.c:632:6:dcd_edpt_iso_alloc	64	static
../Core/Middlewares/TinyUSB/src/portable/st/stm32_fsdev/dcd_stm32_fsdev.c:661:6:dcd_edpt_iso_activate	96	static,ignoring_inline_asm
../Core/Middlewares/TinyUSB/src/portable/st/stm32_fsdev/dcd_stm32_fsdev.c:698:13:dcd_transmit_packet	112	static,ignoring_inline_asm
../Core/Middlewares/TinyUSB/src/portable/st/stm32_fsdev/dcd_stm32_fsdev.c:735:13:edpt_xfer	72	static,ignoring_inline_asm
../Core/Middlewares/TinyUSB/src/portable/st/stm32_fsdev/dcd_stm32_fsdev.c:768:6:dcd_edpt_xfer	32	static
../Core/Middlewares/TinyUSB/src/portable/st/stm32_fsdev/dcd_stm32_fsdev.c:782:6:dcd_edpt_xfer_fifo	32	static
../Core/Middlewares/TinyUSB/src/portable/st/stm32_fsdev/dcd_stm32_fsdev.c:796:6:dcd_edpt_stall	64	static,ignoring_inline_asm
../Core/Middlewares/TinyUSB/src/portable/st/stm32_fsdev/dcd_stm32_fsdev.c:810:6:dcd_edpt_clear_stall	80	static,ignoring_inline_asm
../Core/Middlewares/TinyUSB/src/portable/st/stm32_fsdev/dcd_stm32_fsdev.c:828:6:dcd_int_enable	24	static,ignoring_inline_asm
../Core/Middlewares/TinyUSB/src/portable/st/stm32_fsdev/dcd_stm32_fsdev.c:832:6:dcd_int_disable	24	static
../Core/Middlewares/TinyUSB/src/portable/st/stm32_fsdev/dcd_stm32_fsdev.c:837:6:dcd_connect	24	static
../Core/Middlewares/TinyUSB/src/portable/st/stm32_fsdev/dcd_stm32_fsdev.c:841:6:dcd_disconnect	24	static
